[0.101s] DEBUG:colcon:Command line arguments: ['/home/user1/ROS2_Workspace/ros2_ws/.venv/bin/colcon', 'build', '--packages-select', 'cone_stellation', '--symlink-install', '--build-base', '../../build', '--install-base', '../../install']
[0.101s] DEBUG:colcon:Parsed command line arguments: Namespace(log_base=None, log_level=None, verb_name='build', build_base='/home/user1/ROS2_Workspace/ros2_ws/build', install_base='/home/user1/ROS2_Workspace/ros2_ws/install', merge_install=False, symlink_install=True, test_result_base=None, continue_on_error=False, executor='parallel', parallel_workers=16, event_handlers=None, ignore_user_meta=False, metas=['./colcon.meta'], base_paths=['.'], packages_ignore=None, packages_ignore_regex=None, paths=None, packages_up_to=None, packages_up_to_regex=None, packages_above=None, packages_above_and_dependencies=None, packages_above_depth=None, packages_select_by_dep=None, packages_skip_by_dep=None, packages_skip_up_to=None, packages_select_build_failed=False, packages_skip_build_finished=False, packages_select_test_failures=False, packages_skip_test_passed=False, packages_select=['cone_stellation'], packages_skip=None, packages_select_regex=None, packages_skip_regex=None, packages_start=None, packages_end=None, cmake_args=None, cmake_target=None, cmake_target_skip_unavailable=False, cmake_clean_cache=False, cmake_clean_first=False, cmake_force_configure=False, ament_cmake_args=None, catkin_cmake_args=None, catkin_skip_building_tests=False, verb_parser=<colcon_defaults.argument_parser.defaults.DefaultArgumentsDecorator object at 0x7f38fda46770>, verb_extension=<colcon_core.verb.build.BuildVerb object at 0x7f38fdbfc0d0>, main=<bound method BuildVerb.main of <colcon_core.verb.build.BuildVerb object at 0x7f38fdbfc0d0>>)
[0.217s] Level 1:colcon.colcon_core.package_discovery:discover_packages(colcon_meta) check parameters
[0.217s] Level 1:colcon.colcon_core.package_discovery:discover_packages(recursive) check parameters
[0.217s] Level 1:colcon.colcon_core.package_discovery:discover_packages(ignore) check parameters
[0.218s] Level 1:colcon.colcon_core.package_discovery:discover_packages(path) check parameters
[0.218s] Level 1:colcon.colcon_core.package_discovery:discover_packages(colcon_meta) discover
[0.218s] Level 1:colcon.colcon_core.package_discovery:discover_packages(recursive) discover
[0.218s] INFO:colcon.colcon_core.package_discovery:Crawling recursively for packages in '/home/user1/ROS2_Workspace/ros2_ws/src/cone_stellation'
[0.218s] Level 1:colcon.colcon_core.package_identification:_identify(.) by extensions ['ignore', 'ignore_ament_install']
[0.218s] Level 1:colcon.colcon_core.package_identification:_identify(.) by extension 'ignore'
[0.218s] Level 1:colcon.colcon_core.package_identification:_identify(.) by extension 'ignore_ament_install'
[0.218s] Level 1:colcon.colcon_core.package_identification:_identify(.) by extensions ['colcon_pkg']
[0.218s] Level 1:colcon.colcon_core.package_identification:_identify(.) by extension 'colcon_pkg'
[0.218s] Level 1:colcon.colcon_core.package_identification:_identify(.) by extensions ['colcon_meta']
[0.218s] Level 1:colcon.colcon_core.package_identification:_identify(.) by extension 'colcon_meta'
[0.218s] Level 1:colcon.colcon_core.package_identification:_identify(.) by extensions ['ros']
[0.218s] Level 1:colcon.colcon_core.package_identification:_identify(.) by extension 'ros'
[0.237s] DEBUG:colcon.colcon_core.package_identification:Package '.' with type 'ros.ament_cmake' and name 'cone_stellation'
[0.238s] Level 1:colcon.colcon_core.package_discovery:discover_packages(recursive) using defaults
[0.238s] Level 1:colcon.colcon_core.package_discovery:discover_packages(ignore) discover
[0.238s] Level 1:colcon.colcon_core.package_discovery:discover_packages(ignore) using defaults
[0.238s] Level 1:colcon.colcon_core.package_discovery:discover_packages(path) discover
[0.238s] Level 1:colcon.colcon_core.package_discovery:discover_packages(path) using defaults
[0.252s] Level 5:colcon.colcon_core.verb:set package 'cone_stellation' build argument 'cmake_args' from command line to 'None'
[0.252s] Level 5:colcon.colcon_core.verb:set package 'cone_stellation' build argument 'cmake_target' from command line to 'None'
[0.252s] Level 5:colcon.colcon_core.verb:set package 'cone_stellation' build argument 'cmake_target_skip_unavailable' from command line to 'False'
[0.252s] Level 5:colcon.colcon_core.verb:set package 'cone_stellation' build argument 'cmake_clean_cache' from command line to 'False'
[0.252s] Level 5:colcon.colcon_core.verb:set package 'cone_stellation' build argument 'cmake_clean_first' from command line to 'False'
[0.252s] Level 5:colcon.colcon_core.verb:set package 'cone_stellation' build argument 'cmake_force_configure' from command line to 'False'
[0.252s] Level 5:colcon.colcon_core.verb:set package 'cone_stellation' build argument 'ament_cmake_args' from command line to 'None'
[0.252s] Level 5:colcon.colcon_core.verb:set package 'cone_stellation' build argument 'catkin_cmake_args' from command line to 'None'
[0.252s] Level 5:colcon.colcon_core.verb:set package 'cone_stellation' build argument 'catkin_skip_building_tests' from command line to 'False'
[0.252s] DEBUG:colcon.colcon_core.verb:Building package 'cone_stellation' with the following arguments: {'ament_cmake_args': None, 'build_base': '/home/user1/ROS2_Workspace/ros2_ws/build/cone_stellation', 'catkin_cmake_args': None, 'catkin_skip_building_tests': False, 'cmake_args': None, 'cmake_clean_cache': False, 'cmake_clean_first': False, 'cmake_force_configure': False, 'cmake_target': None, 'cmake_target_skip_unavailable': False, 'install_base': '/home/user1/ROS2_Workspace/ros2_ws/install/cone_stellation', 'merge_install': False, 'path': '/home/user1/ROS2_Workspace/ros2_ws/src/cone_stellation', 'symlink_install': True, 'test_result_base': None}
[0.252s] INFO:colcon.colcon_core.executor:Executing jobs using 'parallel' executor
[0.253s] DEBUG:colcon.colcon_parallel_executor.executor.parallel:run_until_complete
[0.253s] INFO:colcon.colcon_ros.task.ament_cmake.build:Building ROS package in '/home/user1/ROS2_Workspace/ros2_ws/src/cone_stellation' with build type 'ament_cmake'
[0.253s] INFO:colcon.colcon_cmake.task.cmake.build:Building CMake package in '/home/user1/ROS2_Workspace/ros2_ws/src/cone_stellation'
[0.255s] INFO:colcon.colcon_core.plugin_system:Skipping extension 'colcon_core.shell.bat': Not used on non-Windows systems
[0.255s] INFO:colcon.colcon_core.shell:Skip shell extension 'powershell' for command environment: Not usable outside of PowerShell
[0.255s] DEBUG:colcon.colcon_core.shell:Skip shell extension 'dsv' for command environment
[0.256s] WARNING:colcon.colcon_ros.prefix_path.ament:The path '/home/user1/ROS2_Workspace/ros2_ws/install/cc_slam_graph' in the environment variable AMENT_PREFIX_PATH doesn't exist
[0.264s] DEBUG:colcon.colcon_core.event_handler.log_command:Invoking command in '/home/user1/ROS2_Workspace/ros2_ws/build/cone_stellation': CMAKE_PREFIX_PATH=${CMAKE_PREFIX_PATH}:/home/user1/ROS2_Workspace/ros2_ws/install/yolo_ros:/home/user1/ROS2_Workspace/ros2_ws/install/ros2_camera_lidar_fusion:/home/user1/ROS2_Workspace/ros2_ws/install/ntrip_client:/home/user1/ROS2_Workspace/ros2_ws/install/hungarian_association:/home/user1/ROS2_Workspace/ros2_ws/install/dead_reckoning:/home/user1/ROS2_Workspace/ros2_ws/install/cc_slam_graph:/opt/ros/humble /usr/local/bin/cmake --build /home/user1/ROS2_Workspace/ros2_ws/build/cone_stellation -- -j16 -l16
[21.265s] DEBUG:colcon.colcon_core.event_handler.log_command:Invoked command in '/home/user1/ROS2_Workspace/ros2_ws/build/cone_stellation' returned '2': CMAKE_PREFIX_PATH=${CMAKE_PREFIX_PATH}:/home/user1/ROS2_Workspace/ros2_ws/install/yolo_ros:/home/user1/ROS2_Workspace/ros2_ws/install/ros2_camera_lidar_fusion:/home/user1/ROS2_Workspace/ros2_ws/install/ntrip_client:/home/user1/ROS2_Workspace/ros2_ws/install/hungarian_association:/home/user1/ROS2_Workspace/ros2_ws/install/dead_reckoning:/home/user1/ROS2_Workspace/ros2_ws/install/cc_slam_graph:/opt/ros/humble /usr/local/bin/cmake --build /home/user1/ROS2_Workspace/ros2_ws/build/cone_stellation -- -j16 -l16
[21.265s] Level 1:colcon.colcon_core.environment:create_environment_scripts_only(cone_stellation)
[21.267s] Level 1:colcon.colcon_core.environment:checking '/home/user1/ROS2_Workspace/ros2_ws/install/cone_stellation' for CMake module files
[21.267s] Level 1:colcon.colcon_core.environment:checking '/home/user1/ROS2_Workspace/ros2_ws/install/cone_stellation' for CMake config files
[21.268s] Level 1:colcon.colcon_core.shell:create_environment_hook('cone_stellation', 'cmake_prefix_path')
[21.268s] INFO:colcon.colcon_core.shell:Creating environment hook '/home/user1/ROS2_Workspace/ros2_ws/install/cone_stellation/share/cone_stellation/hook/cmake_prefix_path.ps1'
[21.268s] INFO:colcon.colcon_core.shell:Creating environment descriptor '/home/user1/ROS2_Workspace/ros2_ws/install/cone_stellation/share/cone_stellation/hook/cmake_prefix_path.dsv'
[21.269s] INFO:colcon.colcon_core.shell:Creating environment hook '/home/user1/ROS2_Workspace/ros2_ws/install/cone_stellation/share/cone_stellation/hook/cmake_prefix_path.sh'
[21.269s] Level 1:colcon.colcon_core.environment:checking '/home/user1/ROS2_Workspace/ros2_ws/install/cone_stellation/lib'
[21.269s] Level 1:colcon.colcon_core.environment:checking '/home/user1/ROS2_Workspace/ros2_ws/install/cone_stellation/bin'
[21.270s] Level 1:colcon.colcon_core.environment:checking '/home/user1/ROS2_Workspace/ros2_ws/install/cone_stellation/lib/pkgconfig/cone_stellation.pc'
[21.272s] Level 1:colcon.colcon_core.environment:checking '/home/user1/ROS2_Workspace/ros2_ws/install/cone_stellation/lib/python3.10/site-packages'
[21.272s] Level 1:colcon.colcon_core.environment:checking '/home/user1/ROS2_Workspace/ros2_ws/install/cone_stellation/bin'
[21.272s] INFO:colcon.colcon_core.shell:Creating package script '/home/user1/ROS2_Workspace/ros2_ws/install/cone_stellation/share/cone_stellation/package.ps1'
[21.273s] INFO:colcon.colcon_core.shell:Creating package descriptor '/home/user1/ROS2_Workspace/ros2_ws/install/cone_stellation/share/cone_stellation/package.dsv'
[21.273s] INFO:colcon.colcon_core.shell:Creating package script '/home/user1/ROS2_Workspace/ros2_ws/install/cone_stellation/share/cone_stellation/package.sh'
[21.274s] INFO:colcon.colcon_core.shell:Creating package script '/home/user1/ROS2_Workspace/ros2_ws/install/cone_stellation/share/cone_stellation/package.bash'
[21.274s] INFO:colcon.colcon_core.shell:Creating package script '/home/user1/ROS2_Workspace/ros2_ws/install/cone_stellation/share/cone_stellation/package.zsh'
[21.275s] Level 1:colcon.colcon_core.environment:create_file_with_runtime_dependencies(/home/user1/ROS2_Workspace/ros2_ws/install/cone_stellation/share/colcon-core/packages/cone_stellation)
[21.285s] DEBUG:colcon.colcon_parallel_executor.executor.parallel:closing loop
[21.285s] DEBUG:colcon.colcon_parallel_executor.executor.parallel:loop closed
[21.286s] DEBUG:colcon.colcon_parallel_executor.executor.parallel:run_until_complete finished with '2'
[21.286s] DEBUG:colcon.colcon_core.event_reactor:joining thread
[21.287s] INFO:colcon.colcon_core.plugin_system:Skipping extension 'colcon_notification.desktop_notification.notify2': 'notify2' not found
[21.287s] INFO:colcon.colcon_core.plugin_system:Skipping extension 'colcon_notification.desktop_notification.terminal_notifier': Not used on non-Darwin systems
[21.287s] INFO:colcon.colcon_core.plugin_system:Skipping extension 'colcon_notification.desktop_notification.win32': Not used on non-Windows systems
[21.287s] INFO:colcon.colcon_notification.desktop_notification:Sending desktop notification using 'notify_send'
[21.305s] DEBUG:colcon.colcon_core.event_reactor:joined thread
[21.306s] INFO:colcon.colcon_core.shell:Creating prefix script '/home/user1/ROS2_Workspace/ros2_ws/install/local_setup.ps1'
[21.307s] INFO:colcon.colcon_core.shell:Creating prefix util module '/home/user1/ROS2_Workspace/ros2_ws/install/_local_setup_util_ps1.py'
[21.308s] INFO:colcon.colcon_core.shell:Creating prefix chain script '/home/user1/ROS2_Workspace/ros2_ws/install/setup.ps1'
[21.309s] INFO:colcon.colcon_core.shell:Creating prefix script '/home/user1/ROS2_Workspace/ros2_ws/install/local_setup.sh'
[21.310s] INFO:colcon.colcon_core.shell:Creating prefix util module '/home/user1/ROS2_Workspace/ros2_ws/install/_local_setup_util_sh.py'
[21.320s] INFO:colcon.colcon_core.shell:Creating prefix chain script '/home/user1/ROS2_Workspace/ros2_ws/install/setup.sh'
[21.321s] INFO:colcon.colcon_core.shell:Creating prefix script '/home/user1/ROS2_Workspace/ros2_ws/install/local_setup.bash'
[21.322s] INFO:colcon.colcon_core.shell:Creating prefix chain script '/home/user1/ROS2_Workspace/ros2_ws/install/setup.bash'
[21.323s] INFO:colcon.colcon_core.shell:Creating prefix script '/home/user1/ROS2_Workspace/ros2_ws/install/local_setup.zsh'
[21.323s] INFO:colcon.colcon_core.shell:Creating prefix chain script '/home/user1/ROS2_Workspace/ros2_ws/install/setup.zsh'
