running develop
Removing /home/user1/ROS2_Workspace/ros2_ws/install/hungarian_association/lib/python3.10/site-packages/hungarian-association.egg-link (link to .)
running egg_info
writing ../../build/hungarian_association/hungarian_association.egg-info/PKG-INFO
writing dependency_links to ../../build/hungarian_association/hungarian_association.egg-info/dependency_links.txt
writing entry points to ../../build/hungarian_association/hungarian_association.egg-info/entry_points.txt
writing requirements to ../../build/hungarian_association/hungarian_association.egg-info/requires.txt
writing top-level names to ../../build/hungarian_association/hungarian_association.egg-info/top_level.txt
reading manifest file '../../build/hungarian_association/hungarian_association.egg-info/SOURCES.txt'
writing manifest file '../../build/hungarian_association/hungarian_association.egg-info/SOURCES.txt'
running build
running build_py
creating /home/user1/ROS2_Workspace/ros2_ws/build/hungarian_association/build
creating /home/user1/ROS2_Workspace/ros2_ws/build/hungarian_association/build/lib
creating /home/user1/ROS2_Workspace/ros2_ws/build/hungarian_association/build/lib/hungarian_association
copying hungarian_association/yolo_lidar_multicam_fusion.py -> /home/user1/ROS2_Workspace/ros2_ws/build/hungarian_association/build/lib/hungarian_association
copying hungarian_association/yolo_lidar_fusion.py -> /home/user1/ROS2_Workspace/ros2_ws/build/hungarian_association/build/lib/hungarian_association
copying hungarian_association/__init__.py -> /home/user1/ROS2_Workspace/ros2_ws/build/hungarian_association/build/lib/hungarian_association
copying hungarian_association/visualize_fused_cones_rviz_marker.py -> /home/user1/ROS2_Workspace/ros2_ws/build/hungarian_association/build/lib/hungarian_association
copying hungarian_association/config_utils.py -> /home/user1/ROS2_Workspace/ros2_ws/build/hungarian_association/build/lib/hungarian_association
copying hungarian_association/kalman_filtering.py -> /home/user1/ROS2_Workspace/ros2_ws/build/hungarian_association/build/lib/hungarian_association
running install
running install_lib
creating /home/user1/ROS2_Workspace/ros2_ws/install/hungarian_association/lib/python3.10/site-packages/hungarian_association
copying /home/user1/ROS2_Workspace/ros2_ws/build/hungarian_association/build/lib/hungarian_association/yolo_lidar_multicam_fusion.py -> /home/user1/ROS2_Workspace/ros2_ws/install/hungarian_association/lib/python3.10/site-packages/hungarian_association
copying /home/user1/ROS2_Workspace/ros2_ws/build/hungarian_association/build/lib/hungarian_association/yolo_lidar_fusion.py -> /home/user1/ROS2_Workspace/ros2_ws/install/hungarian_association/lib/python3.10/site-packages/hungarian_association
copying /home/user1/ROS2_Workspace/ros2_ws/build/hungarian_association/build/lib/hungarian_association/__init__.py -> /home/user1/ROS2_Workspace/ros2_ws/install/hungarian_association/lib/python3.10/site-packages/hungarian_association
copying /home/user1/ROS2_Workspace/ros2_ws/build/hungarian_association/build/lib/hungarian_association/visualize_fused_cones_rviz_marker.py -> /home/user1/ROS2_Workspace/ros2_ws/install/hungarian_association/lib/python3.10/site-packages/hungarian_association
copying /home/user1/ROS2_Workspace/ros2_ws/build/hungarian_association/build/lib/hungarian_association/config_utils.py -> /home/user1/ROS2_Workspace/ros2_ws/install/hungarian_association/lib/python3.10/site-packages/hungarian_association
copying /home/user1/ROS2_Workspace/ros2_ws/build/hungarian_association/build/lib/hungarian_association/kalman_filtering.py -> /home/user1/ROS2_Workspace/ros2_ws/install/hungarian_association/lib/python3.10/site-packages/hungarian_association
byte-compiling /home/user1/ROS2_Workspace/ros2_ws/install/hungarian_association/lib/python3.10/site-packages/hungarian_association/yolo_lidar_multicam_fusion.py to yolo_lidar_multicam_fusion.cpython-310.pyc
byte-compiling /home/user1/ROS2_Workspace/ros2_ws/install/hungarian_association/lib/python3.10/site-packages/hungarian_association/yolo_lidar_fusion.py to yolo_lidar_fusion.cpython-310.pyc
byte-compiling /home/user1/ROS2_Workspace/ros2_ws/install/hungarian_association/lib/python3.10/site-packages/hungarian_association/__init__.py to __init__.cpython-310.pyc
byte-compiling /home/user1/ROS2_Workspace/ros2_ws/install/hungarian_association/lib/python3.10/site-packages/hungarian_association/visualize_fused_cones_rviz_marker.py to visualize_fused_cones_rviz_marker.cpython-310.pyc
byte-compiling /home/user1/ROS2_Workspace/ros2_ws/install/hungarian_association/lib/python3.10/site-packages/hungarian_association/config_utils.py to config_utils.cpython-310.pyc
byte-compiling /home/user1/ROS2_Workspace/ros2_ws/install/hungarian_association/lib/python3.10/site-packages/hungarian_association/kalman_filtering.py to kalman_filtering.cpython-310.pyc
running install_data
copying resource/hungarian_association -> /home/user1/ROS2_Workspace/ros2_ws/install/hungarian_association/share/ament_index/resource_index/packages
copying package.xml -> /home/user1/ROS2_Workspace/ros2_ws/install/hungarian_association/share/hungarian_association
copying config/camera_intrinsic_calibration.yaml -> /home/user1/ROS2_Workspace/ros2_ws/install/hungarian_association/share/hungarian_association/config
copying config/hungarian_config.yaml -> /home/user1/ROS2_Workspace/ros2_ws/install/hungarian_association/share/hungarian_association/config
copying config/multi_camera_extrinsic_calibration.yaml -> /home/user1/ROS2_Workspace/ros2_ws/install/hungarian_association/share/hungarian_association/config
copying config/multi_camera_intrinsic_calibration.yaml -> /home/user1/ROS2_Workspace/ros2_ws/install/hungarian_association/share/hungarian_association/config
copying config/multi_hungarian_config.yaml -> /home/user1/ROS2_Workspace/ros2_ws/install/hungarian_association/share/hungarian_association/config
copying config/camera_extrinsic_calibration.yaml -> /home/user1/ROS2_Workspace/ros2_ws/install/hungarian_association/share/hungarian_association/config
running install_egg_info
Copying ../../build/hungarian_association/hungarian_association.egg-info to /home/user1/ROS2_Workspace/ros2_ws/install/hungarian_association/lib/python3.10/site-packages/hungarian_association-0.0.0-py3.10.egg-info
running install_scripts
Installing hungarian_association_node script to /home/user1/ROS2_Workspace/ros2_ws/install/hungarian_association/bin
Installing kalman_filtering_node script to /home/user1/ROS2_Workspace/ros2_ws/install/hungarian_association/bin
Installing visualize_fused_cones_rviz_marker_node script to /home/user1/ROS2_Workspace/ros2_ws/install/hungarian_association/bin
Installing yolo_lidar_multicam_fusion_node script to /home/user1/ROS2_Workspace/ros2_ws/install/hungarian_association/bin
writing list of installed files to '/home/user1/ROS2_Workspace/ros2_ws/build/hungarian_association/install.log'
