[0.648s] Invoking command in '/home/user1/ROS2_Workspace/ros2_ws/build/hungarian_association': PYTHONPATH=/home/user1/ROS2_Workspace/ros2_ws/build/hungarian_association/prefix_override:/home/user1/ROS2_Workspace/ros2_ws/.venv/lib/python3.10/site-packages/colcon_core/task/python/colcon_distutils_commands:/home/user1/ROS2_Workspace/ros2_ws/install/hungarian_association/lib/python3.10/site-packages:${PYTHONPATH} /home/user1/ROS2_Workspace/ros2_ws/.venv/bin/python3 -W ignore:setup.py install is deprecated -W ignore:easy_install command is deprecated setup.py develop --uninstall --editable --build-directory /home/user1/ROS2_Workspace/ros2_ws/build/hungarian_association/build
[0.882s] running develop
[1.033s] Removing /home/user1/ROS2_Workspace/ros2_ws/install/hungarian_association/lib/python3.10/site-packages/hungarian-association.egg-link (link to .)
[1.081s] Invoked command in '/home/user1/ROS2_Workspace/ros2_ws/build/hungarian_association' returned '0': PYTHONPATH=/home/user1/ROS2_Workspace/ros2_ws/build/hungarian_association/prefix_override:/home/user1/ROS2_Workspace/ros2_ws/.venv/lib/python3.10/site-packages/colcon_core/task/python/colcon_distutils_commands:/home/user1/ROS2_Workspace/ros2_ws/install/hungarian_association/lib/python3.10/site-packages:${PYTHONPATH} /home/user1/ROS2_Workspace/ros2_ws/.venv/bin/python3 -W ignore:setup.py install is deprecated -W ignore:easy_install command is deprecated setup.py develop --uninstall --editable --build-directory /home/user1/ROS2_Workspace/ros2_ws/build/hungarian_association/build
[1.082s] Invoking command in '/home/user1/ROS2_Workspace/ros2_ws/src/hungarian_association': PYTHONPATH=/home/user1/ROS2_Workspace/ros2_ws/build/hungarian_association/prefix_override:/home/user1/ROS2_Workspace/ros2_ws/.venv/lib/python3.10/site-packages/colcon_core/task/python/colcon_distutils_commands:/home/user1/ROS2_Workspace/ros2_ws/install/hungarian_association/lib/python3.10/site-packages:${PYTHONPATH} /home/user1/ROS2_Workspace/ros2_ws/.venv/bin/python3 -W ignore:setup.py install is deprecated -W ignore:easy_install command is deprecated setup.py egg_info --egg-base ../../build/hungarian_association build --build-base /home/user1/ROS2_Workspace/ros2_ws/build/hungarian_association/build install --record /home/user1/ROS2_Workspace/ros2_ws/build/hungarian_association/install.log --single-version-externally-managed install_data --force
[1.304s] running egg_info
[1.305s] writing ../../build/hungarian_association/hungarian_association.egg-info/PKG-INFO
[1.305s] writing dependency_links to ../../build/hungarian_association/hungarian_association.egg-info/dependency_links.txt
[1.305s] writing entry points to ../../build/hungarian_association/hungarian_association.egg-info/entry_points.txt
[1.305s] writing requirements to ../../build/hungarian_association/hungarian_association.egg-info/requires.txt
[1.305s] writing top-level names to ../../build/hungarian_association/hungarian_association.egg-info/top_level.txt
[1.308s] reading manifest file '../../build/hungarian_association/hungarian_association.egg-info/SOURCES.txt'
[1.308s] writing manifest file '../../build/hungarian_association/hungarian_association.egg-info/SOURCES.txt'
[1.309s] running build
[1.309s] running build_py
[1.309s] creating /home/user1/ROS2_Workspace/ros2_ws/build/hungarian_association/build
[1.309s] creating /home/user1/ROS2_Workspace/ros2_ws/build/hungarian_association/build/lib
[1.309s] creating /home/user1/ROS2_Workspace/ros2_ws/build/hungarian_association/build/lib/hungarian_association
[1.309s] copying hungarian_association/yolo_lidar_multicam_fusion.py -> /home/user1/ROS2_Workspace/ros2_ws/build/hungarian_association/build/lib/hungarian_association
[1.309s] copying hungarian_association/yolo_lidar_fusion.py -> /home/user1/ROS2_Workspace/ros2_ws/build/hungarian_association/build/lib/hungarian_association
[1.309s] copying hungarian_association/__init__.py -> /home/user1/ROS2_Workspace/ros2_ws/build/hungarian_association/build/lib/hungarian_association
[1.309s] copying hungarian_association/visualize_fused_cones_rviz_marker.py -> /home/user1/ROS2_Workspace/ros2_ws/build/hungarian_association/build/lib/hungarian_association
[1.309s] copying hungarian_association/config_utils.py -> /home/user1/ROS2_Workspace/ros2_ws/build/hungarian_association/build/lib/hungarian_association
[1.310s] copying hungarian_association/kalman_filtering.py -> /home/user1/ROS2_Workspace/ros2_ws/build/hungarian_association/build/lib/hungarian_association
[1.310s] running install
[1.310s] running install_lib
[1.311s] creating /home/user1/ROS2_Workspace/ros2_ws/install/hungarian_association/lib/python3.10/site-packages/hungarian_association
[1.311s] copying /home/user1/ROS2_Workspace/ros2_ws/build/hungarian_association/build/lib/hungarian_association/yolo_lidar_multicam_fusion.py -> /home/user1/ROS2_Workspace/ros2_ws/install/hungarian_association/lib/python3.10/site-packages/hungarian_association
[1.311s] copying /home/user1/ROS2_Workspace/ros2_ws/build/hungarian_association/build/lib/hungarian_association/yolo_lidar_fusion.py -> /home/user1/ROS2_Workspace/ros2_ws/install/hungarian_association/lib/python3.10/site-packages/hungarian_association
[1.311s] copying /home/user1/ROS2_Workspace/ros2_ws/build/hungarian_association/build/lib/hungarian_association/__init__.py -> /home/user1/ROS2_Workspace/ros2_ws/install/hungarian_association/lib/python3.10/site-packages/hungarian_association
[1.311s] copying /home/user1/ROS2_Workspace/ros2_ws/build/hungarian_association/build/lib/hungarian_association/visualize_fused_cones_rviz_marker.py -> /home/user1/ROS2_Workspace/ros2_ws/install/hungarian_association/lib/python3.10/site-packages/hungarian_association
[1.311s] copying /home/user1/ROS2_Workspace/ros2_ws/build/hungarian_association/build/lib/hungarian_association/config_utils.py -> /home/user1/ROS2_Workspace/ros2_ws/install/hungarian_association/lib/python3.10/site-packages/hungarian_association
[1.311s] copying /home/user1/ROS2_Workspace/ros2_ws/build/hungarian_association/build/lib/hungarian_association/kalman_filtering.py -> /home/user1/ROS2_Workspace/ros2_ws/install/hungarian_association/lib/python3.10/site-packages/hungarian_association
[1.312s] byte-compiling /home/user1/ROS2_Workspace/ros2_ws/install/hungarian_association/lib/python3.10/site-packages/hungarian_association/yolo_lidar_multicam_fusion.py to yolo_lidar_multicam_fusion.cpython-310.pyc
[1.315s] byte-compiling /home/user1/ROS2_Workspace/ros2_ws/install/hungarian_association/lib/python3.10/site-packages/hungarian_association/yolo_lidar_fusion.py to yolo_lidar_fusion.cpython-310.pyc
[1.316s] byte-compiling /home/user1/ROS2_Workspace/ros2_ws/install/hungarian_association/lib/python3.10/site-packages/hungarian_association/__init__.py to __init__.cpython-310.pyc
[1.316s] byte-compiling /home/user1/ROS2_Workspace/ros2_ws/install/hungarian_association/lib/python3.10/site-packages/hungarian_association/visualize_fused_cones_rviz_marker.py to visualize_fused_cones_rviz_marker.cpython-310.pyc
[1.318s] byte-compiling /home/user1/ROS2_Workspace/ros2_ws/install/hungarian_association/lib/python3.10/site-packages/hungarian_association/config_utils.py to config_utils.cpython-310.pyc
[1.318s] byte-compiling /home/user1/ROS2_Workspace/ros2_ws/install/hungarian_association/lib/python3.10/site-packages/hungarian_association/kalman_filtering.py to kalman_filtering.cpython-310.pyc
[1.322s] running install_data
[1.322s] copying resource/hungarian_association -> /home/user1/ROS2_Workspace/ros2_ws/install/hungarian_association/share/ament_index/resource_index/packages
[1.323s] copying package.xml -> /home/user1/ROS2_Workspace/ros2_ws/install/hungarian_association/share/hungarian_association
[1.323s] copying config/camera_intrinsic_calibration.yaml -> /home/user1/ROS2_Workspace/ros2_ws/install/hungarian_association/share/hungarian_association/config
[1.323s] copying config/hungarian_config.yaml -> /home/user1/ROS2_Workspace/ros2_ws/install/hungarian_association/share/hungarian_association/config
[1.323s] copying config/multi_camera_extrinsic_calibration.yaml -> /home/user1/ROS2_Workspace/ros2_ws/install/hungarian_association/share/hungarian_association/config
[1.323s] copying config/multi_camera_intrinsic_calibration.yaml -> /home/user1/ROS2_Workspace/ros2_ws/install/hungarian_association/share/hungarian_association/config
[1.323s] copying config/multi_hungarian_config.yaml -> /home/user1/ROS2_Workspace/ros2_ws/install/hungarian_association/share/hungarian_association/config
[1.323s] copying config/camera_extrinsic_calibration.yaml -> /home/user1/ROS2_Workspace/ros2_ws/install/hungarian_association/share/hungarian_association/config
[1.323s] running install_egg_info
[1.325s] Copying ../../build/hungarian_association/hungarian_association.egg-info to /home/user1/ROS2_Workspace/ros2_ws/install/hungarian_association/lib/python3.10/site-packages/hungarian_association-0.0.0-py3.10.egg-info
[1.326s] running install_scripts
[1.344s] Installing hungarian_association_node script to /home/user1/ROS2_Workspace/ros2_ws/install/hungarian_association/bin
[1.344s] Installing kalman_filtering_node script to /home/user1/ROS2_Workspace/ros2_ws/install/hungarian_association/bin
[1.344s] Installing visualize_fused_cones_rviz_marker_node script to /home/user1/ROS2_Workspace/ros2_ws/install/hungarian_association/bin
[1.344s] Installing yolo_lidar_multicam_fusion_node script to /home/user1/ROS2_Workspace/ros2_ws/install/hungarian_association/bin
[1.345s] writing list of installed files to '/home/user1/ROS2_Workspace/ros2_ws/build/hungarian_association/install.log'
[1.381s] Invoked command in '/home/user1/ROS2_Workspace/ros2_ws/src/hungarian_association' returned '0': PYTHONPATH=/home/user1/ROS2_Workspace/ros2_ws/build/hungarian_association/prefix_override:/home/user1/ROS2_Workspace/ros2_ws/.venv/lib/python3.10/site-packages/colcon_core/task/python/colcon_distutils_commands:/home/user1/ROS2_Workspace/ros2_ws/install/hungarian_association/lib/python3.10/site-packages:${PYTHONPATH} /home/user1/ROS2_Workspace/ros2_ws/.venv/bin/python3 -W ignore:setup.py install is deprecated -W ignore:easy_install command is deprecated setup.py egg_info --egg-base ../../build/hungarian_association build --build-base /home/user1/ROS2_Workspace/ros2_ws/build/hungarian_association/build install --record /home/user1/ROS2_Workspace/ros2_ws/build/hungarian_association/install.log --single-version-externally-managed install_data --force
