In file included from /home/user1/ROS2_Workspace/ros2_ws/src/cone_stellation/src/cone_stellation/ros/cone_slam_node.cpp:14:
/home/user1/ROS2_Workspace/ros2_ws/src/cone_stellation/include/cone_stellation/odometry/cone_odometry_2d.hpp: In member function ‘virtual Eigen::Isometry3d cone_stellation::ConeOdometry2D::estimate(const ConstPtr&, const ConstPtr&)’:
/home/user1/ROS2_Workspace/ros2_ws/src/cone_stellation/include/cone_stellation/odometry/cone_odometry_2d.hpp:59:33: warning: comparison of integer expressions of different signedness: ‘std::vector<std::pair<int, int> >::size_type’ {aka ‘long unsigned int’} and ‘int’ [-Wsign-compare]
   59 |     if (correspondences_.size() < config_.min_correspondences) {
      |         ~~~~~~~~~~~~~~~~~~~~~~~~^~~~~~~~~~~~~~~~~~~~~~~~~~~~~
In file included from /home/user1/ROS2_Workspace/ros2_ws/src/cone_stellation/src/cone_stellation/ros/cone_slam_node.cpp:16:
/home/user1/ROS2_Workspace/ros2_ws/src/cone_stellation/include/cone_stellation/mapping/cone_mapping.hpp: In member function ‘void cone_stellation::ConeMapping::create_distance_factor(int, int, const Ptr&)’:
/home/user1/ROS2_Workspace/ros2_ws/src/cone_stellation/include/cone_stellation/mapping/cone_mapping.hpp:576:77: warning: unused parameter ‘frame’ [-Wunused-parameter]
  576 |   void create_distance_factor(int id1, int id2, const EstimationFrame::Ptr& frame) {
      |                                                 ~~~~~~~~~~~~~~~~~~~~~~~~~~~~^~~~~
In file included from /home/user1/ROS2_Workspace/ros2_ws/src/cone_stellation/src/cone_stellation/ros/cone_slam_node.cpp:17:
/home/user1/ROS2_Workspace/ros2_ws/src/cone_stellation/include/cone_stellation/mapping/simple_cone_mapping.hpp: In member function ‘void cone_stellation::SimpleConeMapping::add_keyframe(const Ptr&)’:
/home/user1/ROS2_Workspace/ros2_ws/src/cone_stellation/include/cone_stellation/mapping/simple_cone_mapping.hpp:134:21: warning: comparison of integer expressions of different signedness: ‘std::tuple_element<0, const std::pair<const int, int> >::type’ {aka ‘const int’} and ‘std::vector<cone_stellation::ConeObservation>::size_type’ {aka ‘long unsigned int’} [-Wsign-compare]
  134 |         if (obs_idx >= world_observations.size()) continue;
      |             ~~~~~~~~^~~~~~~~~~~~~~~~~~~~~~~~~~~~
/home/user1/ROS2_Workspace/ros2_ws/src/cone_stellation/include/cone_stellation/mapping/simple_cone_mapping.hpp:135:21: warning: comparison of integer expressions of different signedness: ‘std::tuple_element<0, const std::pair<const int, int> >::type’ {aka ‘const int’} and ‘std::vector<cone_stellation::ConeObservation>::size_type’ {aka ‘long unsigned int’} [-Wsign-compare]
  135 |         if (obs_idx >= obs_set.cones.size()) continue;
      |             ~~~~~~~~^~~~~~~~~~~~~~~~~~~~~~~
/home/user1/ROS2_Workspace/ros2_ws/src/cone_stellation/src/cone_stellation/ros/cone_slam_node.cpp: In member function ‘void cone_stellation::ConeSLAMNode::load_config()’:
/home/user1/ROS2_Workspace/ros2_ws/src/cone_stellation/src/cone_stellation/ros/cone_slam_node.cpp:153:21: error: ‘struct cone_stellation::ConeMapping::Config’ has no member named ‘enable_loop_closure’
  153 |     mapping_config_.enable_loop_closure =
      |                     ^~~~~~~~~~~~~~~~~~~
/home/user1/ROS2_Workspace/ros2_ws/src/cone_stellation/src/cone_stellation/ros/cone_slam_node.cpp:155:21: error: ‘struct cone_stellation::ConeMapping::Config’ has no member named ‘min_keyframes_apart’
  155 |     mapping_config_.min_keyframes_apart =
      |                     ^~~~~~~~~~~~~~~~~~~
/home/user1/ROS2_Workspace/ros2_ws/src/cone_stellation/src/cone_stellation/ros/cone_slam_node.cpp:157:21: error: ‘struct cone_stellation::ConeMapping::Config’ has no member named ‘max_distance_for_loop’
  157 |     mapping_config_.max_distance_for_loop =
      |                     ^~~~~~~~~~~~~~~~~~~~~
/home/user1/ROS2_Workspace/ros2_ws/src/cone_stellation/src/cone_stellation/ros/cone_slam_node.cpp:159:21: error: ‘struct cone_stellation::ConeMapping::Config’ has no member named ‘min_matched_cones’
  159 |     mapping_config_.min_matched_cones =
      |                     ^~~~~~~~~~~~~~~~~
/home/user1/ROS2_Workspace/ros2_ws/src/cone_stellation/src/cone_stellation/ros/cone_slam_node.cpp:163:21: error: ‘struct cone_stellation::ConeMapping::Config’ has no member named ‘loop_closure_noise’
  163 |     mapping_config_.loop_closure_noise =
      |                     ^~~~~~~~~~~~~~~~~~
gmake[2]: *** [CMakeFiles/cone_slam_node.dir/build.make:79: CMakeFiles/cone_slam_node.dir/src/cone_stellation/ros/cone_slam_node.cpp.o] Error 1
gmake[1]: *** [CMakeFiles/Makefile2:188: CMakeFiles/cone_slam_node.dir/all] Error 2
gmake: *** [Makefile:146: all] Error 2
