[0.011s] Invoking command in '/home/user1/ROS2_Workspace/ros2_ws/build/cone_stellation': CMAKE_PREFIX_PATH=${CMAKE_PREFIX_PATH}:/home/user1/ROS2_Workspace/ros2_ws/install/yolo_ros:/home/user1/ROS2_Workspace/ros2_ws/install/ros2_camera_lidar_fusion:/home/user1/ROS2_Workspace/ros2_ws/install/ntrip_client:/home/user1/ROS2_Workspace/ros2_ws/install/hungarian_association:/home/user1/ROS2_Workspace/ros2_ws/install/dead_reckoning:/home/user1/ROS2_Workspace/ros2_ws/install/cc_slam_graph:/opt/ros/humble /usr/local/bin/cmake --build /home/user1/ROS2_Workspace/ros2_ws/build/cone_stellation -- -j16 -l16
[0.047s] [ 66%] Built target cone_stellation_core
[0.070s] [ 83%] Building CXX object CMakeFiles/cone_slam_node.dir/src/cone_stellation/ros/cone_slam_node.cpp.o
[5.687s] In file included from /home/user1/ROS2_Workspace/ros2_ws/src/cone_stellation/src/cone_stellation/ros/cone_slam_node.cpp:14:
[5.687s] /home/user1/ROS2_Workspace/ros2_ws/src/cone_stellation/include/cone_stellation/odometry/cone_odometry_2d.hpp: In member function ‘virtual Eigen::Isometry3d cone_stellation::ConeOdometry2D::estimate(const ConstPtr&, const ConstPtr&)’:
[5.687s] /home/user1/ROS2_Workspace/ros2_ws/src/cone_stellation/include/cone_stellation/odometry/cone_odometry_2d.hpp:59:33: warning: comparison of integer expressions of different signedness: ‘std::vector<std::pair<int, int> >::size_type’ {aka ‘long unsigned int’} and ‘int’ [-Wsign-compare]
[5.687s]    59 |     if (correspondences_.size() < config_.min_correspondences) {
[5.687s]       |         ~~~~~~~~~~~~~~~~~~~~~~~~^~~~~~~~~~~~~~~~~~~~~~~~~~~~~
[6.041s] In file included from /home/user1/ROS2_Workspace/ros2_ws/src/cone_stellation/src/cone_stellation/ros/cone_slam_node.cpp:16:
[6.041s] /home/user1/ROS2_Workspace/ros2_ws/src/cone_stellation/include/cone_stellation/mapping/cone_mapping.hpp: In member function ‘void cone_stellation::ConeMapping::create_distance_factor(int, int, const Ptr&)’:
[6.042s] /home/user1/ROS2_Workspace/ros2_ws/src/cone_stellation/include/cone_stellation/mapping/cone_mapping.hpp:576:77: warning: unused parameter ‘frame’ [-Wunused-parameter]
[6.042s]   576 |   void create_distance_factor(int id1, int id2, const EstimationFrame::Ptr& frame) {
[6.042s]       |                                                 ~~~~~~~~~~~~~~~~~~~~~~~~~~~~^~~~~
[6.098s] In file included from /home/user1/ROS2_Workspace/ros2_ws/src/cone_stellation/src/cone_stellation/ros/cone_slam_node.cpp:17:
[6.098s] /home/user1/ROS2_Workspace/ros2_ws/src/cone_stellation/include/cone_stellation/mapping/simple_cone_mapping.hpp: In member function ‘void cone_stellation::SimpleConeMapping::add_keyframe(const Ptr&)’:
[6.098s] /home/user1/ROS2_Workspace/ros2_ws/src/cone_stellation/include/cone_stellation/mapping/simple_cone_mapping.hpp:134:21: warning: comparison of integer expressions of different signedness: ‘std::tuple_element<0, const std::pair<const int, int> >::type’ {aka ‘const int’} and ‘std::vector<cone_stellation::ConeObservation>::size_type’ {aka ‘long unsigned int’} [-Wsign-compare]
[6.098s]   134 |         if (obs_idx >= world_observations.size()) continue;
[6.098s]       |             ~~~~~~~~^~~~~~~~~~~~~~~~~~~~~~~~~~~~
[6.098s] /home/user1/ROS2_Workspace/ros2_ws/src/cone_stellation/include/cone_stellation/mapping/simple_cone_mapping.hpp:135:21: warning: comparison of integer expressions of different signedness: ‘std::tuple_element<0, const std::pair<const int, int> >::type’ {aka ‘const int’} and ‘std::vector<cone_stellation::ConeObservation>::size_type’ {aka ‘long unsigned int’} [-Wsign-compare]
[6.098s]   135 |         if (obs_idx >= obs_set.cones.size()) continue;
[6.098s]       |             ~~~~~~~~^~~~~~~~~~~~~~~~~~~~~~~
[6.341s] /home/user1/ROS2_Workspace/ros2_ws/src/cone_stellation/src/cone_stellation/ros/cone_slam_node.cpp: In member function ‘void cone_stellation::ConeSLAMNode::load_config()’:
[6.341s] /home/user1/ROS2_Workspace/ros2_ws/src/cone_stellation/src/cone_stellation/ros/cone_slam_node.cpp:153:21: error: ‘struct cone_stellation::ConeMapping::Config’ has no member named ‘enable_loop_closure’
[6.341s]   153 |     mapping_config_.enable_loop_closure =
[6.341s]       |                     ^~~~~~~~~~~~~~~~~~~
[6.341s] /home/user1/ROS2_Workspace/ros2_ws/src/cone_stellation/src/cone_stellation/ros/cone_slam_node.cpp:155:21: error: ‘struct cone_stellation::ConeMapping::Config’ has no member named ‘min_keyframes_apart’
[6.341s]   155 |     mapping_config_.min_keyframes_apart =
[6.341s]       |                     ^~~~~~~~~~~~~~~~~~~
[6.341s] /home/user1/ROS2_Workspace/ros2_ws/src/cone_stellation/src/cone_stellation/ros/cone_slam_node.cpp:157:21: error: ‘struct cone_stellation::ConeMapping::Config’ has no member named ‘max_distance_for_loop’
[6.341s]   157 |     mapping_config_.max_distance_for_loop =
[6.341s]       |                     ^~~~~~~~~~~~~~~~~~~~~
[6.341s] /home/user1/ROS2_Workspace/ros2_ws/src/cone_stellation/src/cone_stellation/ros/cone_slam_node.cpp:159:21: error: ‘struct cone_stellation::ConeMapping::Config’ has no member named ‘min_matched_cones’
[6.341s]   159 |     mapping_config_.min_matched_cones =
[6.341s]       |                     ^~~~~~~~~~~~~~~~~
[6.341s] /home/user1/ROS2_Workspace/ros2_ws/src/cone_stellation/src/cone_stellation/ros/cone_slam_node.cpp:163:21: error: ‘struct cone_stellation::ConeMapping::Config’ has no member named ‘loop_closure_noise’
[6.342s]   163 |     mapping_config_.loop_closure_noise =
[6.342s]       |                     ^~~~~~~~~~~~~~~~~~
[13.606s] gmake[2]: *** [CMakeFiles/cone_slam_node.dir/build.make:79: CMakeFiles/cone_slam_node.dir/src/cone_stellation/ros/cone_slam_node.cpp.o] Error 1
[13.607s] gmake[1]: *** [CMakeFiles/Makefile2:188: CMakeFiles/cone_slam_node.dir/all] Error 2
[13.607s] gmake: *** [Makefile:146: all] Error 2
[13.609s] Invoked command in '/home/user1/ROS2_Workspace/ros2_ws/build/cone_stellation' returned '2': CMAKE_PREFIX_PATH=${CMAKE_PREFIX_PATH}:/home/user1/ROS2_Workspace/ros2_ws/install/yolo_ros:/home/user1/ROS2_Workspace/ros2_ws/install/ros2_camera_lidar_fusion:/home/user1/ROS2_Workspace/ros2_ws/install/ntrip_client:/home/user1/ROS2_Workspace/ros2_ws/install/hungarian_association:/home/user1/ROS2_Workspace/ros2_ws/install/dead_reckoning:/home/user1/ROS2_Workspace/ros2_ws/install/cc_slam_graph:/opt/ros/humble /usr/local/bin/cmake --build /home/user1/ROS2_Workspace/ros2_ws/build/cone_stellation -- -j16 -l16
