[0.126s] DEBUG:colcon:Command line arguments: ['/home/user1/ROS2_Workspace/ros2_ws/.venv/bin/colcon', 'build', '--packages-select', 'hungarian_association', '--build-base', '/home/user1/ROS2_Workspace/ros2_ws/build', '--install-base', '/home/user1/ROS2_Workspace/ros2_ws/install']
[0.126s] DEBUG:colcon:Parsed command line arguments: Namespace(log_base=None, log_level=None, verb_name='build', build_base='/home/user1/ROS2_Workspace/ros2_ws/build', install_base='/home/user1/ROS2_Workspace/ros2_ws/install', merge_install=False, symlink_install=False, test_result_base=None, continue_on_error=False, executor='parallel', parallel_workers=16, event_handlers=None, ignore_user_meta=False, metas=['./colcon.meta'], base_paths=['.'], packages_ignore=None, packages_ignore_regex=None, paths=None, packages_up_to=None, packages_up_to_regex=None, packages_above=None, packages_above_and_dependencies=None, packages_above_depth=None, packages_select_by_dep=None, packages_skip_by_dep=None, packages_skip_up_to=None, packages_select_build_failed=False, packages_skip_build_finished=False, packages_select_test_failures=False, packages_skip_test_passed=False, packages_select=['hungarian_association'], packages_skip=None, packages_select_regex=None, packages_skip_regex=None, packages_start=None, packages_end=None, cmake_args=None, cmake_target=None, cmake_target_skip_unavailable=False, cmake_clean_cache=False, cmake_clean_first=False, cmake_force_configure=False, ament_cmake_args=None, catkin_cmake_args=None, catkin_skip_building_tests=False, verb_parser=<colcon_defaults.argument_parser.defaults.DefaultArgumentsDecorator object at 0x71f9f85464d0>, verb_extension=<colcon_core.verb.build.BuildVerb object at 0x71f9f86fc160>, main=<bound method BuildVerb.main of <colcon_core.verb.build.BuildVerb object at 0x71f9f86fc160>>)
[0.251s] Level 1:colcon.colcon_core.package_discovery:discover_packages(colcon_meta) check parameters
[0.251s] Level 1:colcon.colcon_core.package_discovery:discover_packages(recursive) check parameters
[0.251s] Level 1:colcon.colcon_core.package_discovery:discover_packages(ignore) check parameters
[0.251s] Level 1:colcon.colcon_core.package_discovery:discover_packages(path) check parameters
[0.251s] Level 1:colcon.colcon_core.package_discovery:discover_packages(colcon_meta) discover
[0.251s] Level 1:colcon.colcon_core.package_discovery:discover_packages(recursive) discover
[0.251s] INFO:colcon.colcon_core.package_discovery:Crawling recursively for packages in '/home/user1/ROS2_Workspace/ros2_ws/src/hungarian_association'
[0.251s] Level 1:colcon.colcon_core.package_identification:_identify(.) by extensions ['ignore', 'ignore_ament_install']
[0.251s] Level 1:colcon.colcon_core.package_identification:_identify(.) by extension 'ignore'
[0.251s] Level 1:colcon.colcon_core.package_identification:_identify(.) by extension 'ignore_ament_install'
[0.251s] Level 1:colcon.colcon_core.package_identification:_identify(.) by extensions ['colcon_pkg']
[0.251s] Level 1:colcon.colcon_core.package_identification:_identify(.) by extension 'colcon_pkg'
[0.251s] Level 1:colcon.colcon_core.package_identification:_identify(.) by extensions ['colcon_meta']
[0.251s] Level 1:colcon.colcon_core.package_identification:_identify(.) by extension 'colcon_meta'
[0.251s] Level 1:colcon.colcon_core.package_identification:_identify(.) by extensions ['ros']
[0.251s] Level 1:colcon.colcon_core.package_identification:_identify(.) by extension 'ros'
[0.279s] DEBUG:colcon.colcon_core.package_identification:Package '.' with type 'ros.ament_python' and name 'hungarian_association'
[0.279s] Level 1:colcon.colcon_core.package_discovery:discover_packages(recursive) using defaults
[0.279s] Level 1:colcon.colcon_core.package_discovery:discover_packages(ignore) discover
[0.279s] Level 1:colcon.colcon_core.package_discovery:discover_packages(ignore) using defaults
[0.279s] Level 1:colcon.colcon_core.package_discovery:discover_packages(path) discover
[0.279s] Level 1:colcon.colcon_core.package_discovery:discover_packages(path) using defaults
[0.298s] Level 5:colcon.colcon_core.verb:set package 'hungarian_association' build argument 'cmake_args' from command line to 'None'
[0.298s] Level 5:colcon.colcon_core.verb:set package 'hungarian_association' build argument 'cmake_target' from command line to 'None'
[0.298s] Level 5:colcon.colcon_core.verb:set package 'hungarian_association' build argument 'cmake_target_skip_unavailable' from command line to 'False'
[0.298s] Level 5:colcon.colcon_core.verb:set package 'hungarian_association' build argument 'cmake_clean_cache' from command line to 'False'
[0.298s] Level 5:colcon.colcon_core.verb:set package 'hungarian_association' build argument 'cmake_clean_first' from command line to 'False'
[0.298s] Level 5:colcon.colcon_core.verb:set package 'hungarian_association' build argument 'cmake_force_configure' from command line to 'False'
[0.298s] Level 5:colcon.colcon_core.verb:set package 'hungarian_association' build argument 'ament_cmake_args' from command line to 'None'
[0.298s] Level 5:colcon.colcon_core.verb:set package 'hungarian_association' build argument 'catkin_cmake_args' from command line to 'None'
[0.298s] Level 5:colcon.colcon_core.verb:set package 'hungarian_association' build argument 'catkin_skip_building_tests' from command line to 'False'
[0.299s] DEBUG:colcon.colcon_core.verb:Building package 'hungarian_association' with the following arguments: {'ament_cmake_args': None, 'build_base': '/home/user1/ROS2_Workspace/ros2_ws/build/hungarian_association', 'catkin_cmake_args': None, 'catkin_skip_building_tests': False, 'cmake_args': None, 'cmake_clean_cache': False, 'cmake_clean_first': False, 'cmake_force_configure': False, 'cmake_target': None, 'cmake_target_skip_unavailable': False, 'install_base': '/home/user1/ROS2_Workspace/ros2_ws/install/hungarian_association', 'merge_install': False, 'path': '/home/user1/ROS2_Workspace/ros2_ws/src/hungarian_association', 'symlink_install': False, 'test_result_base': None}
[0.299s] INFO:colcon.colcon_core.executor:Executing jobs using 'parallel' executor
[0.300s] DEBUG:colcon.colcon_parallel_executor.executor.parallel:run_until_complete
[0.300s] INFO:colcon.colcon_ros.task.ament_python.build:Building ROS package in '/home/user1/ROS2_Workspace/ros2_ws/src/hungarian_association' with build type 'ament_python'
[0.300s] Level 1:colcon.colcon_core.shell:create_environment_hook('hungarian_association', 'ament_prefix_path')
[0.302s] INFO:colcon.colcon_core.plugin_system:Skipping extension 'colcon_core.shell.bat': Not used on non-Windows systems
[0.302s] INFO:colcon.colcon_core.shell:Creating environment hook '/home/user1/ROS2_Workspace/ros2_ws/install/hungarian_association/share/hungarian_association/hook/ament_prefix_path.ps1'
[0.303s] INFO:colcon.colcon_core.shell:Creating environment descriptor '/home/user1/ROS2_Workspace/ros2_ws/install/hungarian_association/share/hungarian_association/hook/ament_prefix_path.dsv'
[0.303s] INFO:colcon.colcon_core.shell:Creating environment hook '/home/user1/ROS2_Workspace/ros2_ws/install/hungarian_association/share/hungarian_association/hook/ament_prefix_path.sh'
[0.304s] INFO:colcon.colcon_core.shell:Skip shell extension 'powershell' for command environment: Not usable outside of PowerShell
[0.304s] DEBUG:colcon.colcon_core.shell:Skip shell extension 'dsv' for command environment
[0.569s] INFO:colcon.colcon_core.task.python.build:Building Python package in '/home/user1/ROS2_Workspace/ros2_ws/src/hungarian_association'
[0.569s] INFO:colcon.colcon_core.shell:Skip shell extension 'powershell' for command environment: Not usable outside of PowerShell
[0.569s] DEBUG:colcon.colcon_core.shell:Skip shell extension 'dsv' for command environment
[0.949s] DEBUG:colcon.colcon_core.event_handler.log_command:Invoking command in '/home/user1/ROS2_Workspace/ros2_ws/build/hungarian_association': PYTHONPATH=/home/user1/ROS2_Workspace/ros2_ws/build/hungarian_association/prefix_override:/home/user1/ROS2_Workspace/ros2_ws/.venv/lib/python3.10/site-packages/colcon_core/task/python/colcon_distutils_commands:/home/user1/ROS2_Workspace/ros2_ws/install/hungarian_association/lib/python3.10/site-packages:${PYTHONPATH} /home/user1/ROS2_Workspace/ros2_ws/.venv/bin/python3 -W ignore:setup.py install is deprecated -W ignore:easy_install command is deprecated setup.py develop --uninstall --editable --build-directory /home/user1/ROS2_Workspace/ros2_ws/build/hungarian_association/build
[1.382s] DEBUG:colcon.colcon_core.event_handler.log_command:Invoked command in '/home/user1/ROS2_Workspace/ros2_ws/build/hungarian_association' returned '0': PYTHONPATH=/home/user1/ROS2_Workspace/ros2_ws/build/hungarian_association/prefix_override:/home/user1/ROS2_Workspace/ros2_ws/.venv/lib/python3.10/site-packages/colcon_core/task/python/colcon_distutils_commands:/home/user1/ROS2_Workspace/ros2_ws/install/hungarian_association/lib/python3.10/site-packages:${PYTHONPATH} /home/user1/ROS2_Workspace/ros2_ws/.venv/bin/python3 -W ignore:setup.py install is deprecated -W ignore:easy_install command is deprecated setup.py develop --uninstall --editable --build-directory /home/user1/ROS2_Workspace/ros2_ws/build/hungarian_association/build
[1.383s] DEBUG:colcon.colcon_core.event_handler.log_command:Invoking command in '/home/user1/ROS2_Workspace/ros2_ws/src/hungarian_association': PYTHONPATH=/home/user1/ROS2_Workspace/ros2_ws/build/hungarian_association/prefix_override:/home/user1/ROS2_Workspace/ros2_ws/.venv/lib/python3.10/site-packages/colcon_core/task/python/colcon_distutils_commands:/home/user1/ROS2_Workspace/ros2_ws/install/hungarian_association/lib/python3.10/site-packages:${PYTHONPATH} /home/user1/ROS2_Workspace/ros2_ws/.venv/bin/python3 -W ignore:setup.py install is deprecated -W ignore:easy_install command is deprecated setup.py egg_info --egg-base ../../build/hungarian_association build --build-base /home/user1/ROS2_Workspace/ros2_ws/build/hungarian_association/build install --record /home/user1/ROS2_Workspace/ros2_ws/build/hungarian_association/install.log --single-version-externally-managed install_data --force
[1.681s] DEBUG:colcon.colcon_core.event_handler.log_command:Invoked command in '/home/user1/ROS2_Workspace/ros2_ws/src/hungarian_association' returned '0': PYTHONPATH=/home/user1/ROS2_Workspace/ros2_ws/build/hungarian_association/prefix_override:/home/user1/ROS2_Workspace/ros2_ws/.venv/lib/python3.10/site-packages/colcon_core/task/python/colcon_distutils_commands:/home/user1/ROS2_Workspace/ros2_ws/install/hungarian_association/lib/python3.10/site-packages:${PYTHONPATH} /home/user1/ROS2_Workspace/ros2_ws/.venv/bin/python3 -W ignore:setup.py install is deprecated -W ignore:easy_install command is deprecated setup.py egg_info --egg-base ../../build/hungarian_association build --build-base /home/user1/ROS2_Workspace/ros2_ws/build/hungarian_association/build install --record /home/user1/ROS2_Workspace/ros2_ws/build/hungarian_association/install.log --single-version-externally-managed install_data --force
[1.683s] Level 1:colcon.colcon_core.environment:checking '/home/user1/ROS2_Workspace/ros2_ws/install/hungarian_association' for CMake module files
[1.684s] Level 1:colcon.colcon_core.environment:checking '/home/user1/ROS2_Workspace/ros2_ws/install/hungarian_association' for CMake config files
[1.684s] Level 1:colcon.colcon_core.environment:checking '/home/user1/ROS2_Workspace/ros2_ws/install/hungarian_association/lib'
[1.685s] Level 1:colcon.colcon_core.environment:checking '/home/user1/ROS2_Workspace/ros2_ws/install/hungarian_association/bin'
[1.685s] Level 1:colcon.colcon_core.shell:create_environment_hook('hungarian_association', 'path')
[1.685s] INFO:colcon.colcon_core.shell:Creating environment hook '/home/user1/ROS2_Workspace/ros2_ws/install/hungarian_association/share/hungarian_association/hook/path.ps1'
[1.686s] INFO:colcon.colcon_core.shell:Creating environment descriptor '/home/user1/ROS2_Workspace/ros2_ws/install/hungarian_association/share/hungarian_association/hook/path.dsv'
[1.686s] INFO:colcon.colcon_core.shell:Creating environment hook '/home/user1/ROS2_Workspace/ros2_ws/install/hungarian_association/share/hungarian_association/hook/path.sh'
[1.686s] Level 1:colcon.colcon_core.environment:checking '/home/user1/ROS2_Workspace/ros2_ws/install/hungarian_association/lib/pkgconfig/hungarian_association.pc'
[1.686s] Level 1:colcon.colcon_core.environment:checking '/home/user1/ROS2_Workspace/ros2_ws/install/hungarian_association/lib/python3.10/site-packages'
[1.686s] Level 1:colcon.colcon_core.shell:create_environment_hook('hungarian_association', 'pythonpath')
[1.687s] INFO:colcon.colcon_core.shell:Creating environment hook '/home/user1/ROS2_Workspace/ros2_ws/install/hungarian_association/share/hungarian_association/hook/pythonpath.ps1'
[1.687s] INFO:colcon.colcon_core.shell:Creating environment descriptor '/home/user1/ROS2_Workspace/ros2_ws/install/hungarian_association/share/hungarian_association/hook/pythonpath.dsv'
[1.687s] INFO:colcon.colcon_core.shell:Creating environment hook '/home/user1/ROS2_Workspace/ros2_ws/install/hungarian_association/share/hungarian_association/hook/pythonpath.sh'
[1.688s] Level 1:colcon.colcon_core.environment:checking '/home/user1/ROS2_Workspace/ros2_ws/install/hungarian_association/bin'
[1.688s] Level 1:colcon.colcon_core.shell:create_environment_hook('hungarian_association', 'pythonscriptspath')
[1.688s] INFO:colcon.colcon_core.shell:Creating environment hook '/home/user1/ROS2_Workspace/ros2_ws/install/hungarian_association/share/hungarian_association/hook/pythonscriptspath.ps1'
[1.688s] INFO:colcon.colcon_core.shell:Creating environment descriptor '/home/user1/ROS2_Workspace/ros2_ws/install/hungarian_association/share/hungarian_association/hook/pythonscriptspath.dsv'
[1.689s] INFO:colcon.colcon_core.shell:Creating environment hook '/home/user1/ROS2_Workspace/ros2_ws/install/hungarian_association/share/hungarian_association/hook/pythonscriptspath.sh'
[1.689s] Level 1:colcon.colcon_core.environment:create_environment_scripts_only(hungarian_association)
[1.689s] INFO:colcon.colcon_core.shell:Creating package script '/home/user1/ROS2_Workspace/ros2_ws/install/hungarian_association/share/hungarian_association/package.ps1'
[1.690s] INFO:colcon.colcon_core.shell:Creating package descriptor '/home/user1/ROS2_Workspace/ros2_ws/install/hungarian_association/share/hungarian_association/package.dsv'
[1.690s] INFO:colcon.colcon_core.shell:Creating package script '/home/user1/ROS2_Workspace/ros2_ws/install/hungarian_association/share/hungarian_association/package.sh'
[1.691s] INFO:colcon.colcon_core.shell:Creating package script '/home/user1/ROS2_Workspace/ros2_ws/install/hungarian_association/share/hungarian_association/package.bash'
[1.691s] INFO:colcon.colcon_core.shell:Creating package script '/home/user1/ROS2_Workspace/ros2_ws/install/hungarian_association/share/hungarian_association/package.zsh'
[1.693s] Level 1:colcon.colcon_core.environment:create_file_with_runtime_dependencies(/home/user1/ROS2_Workspace/ros2_ws/install/hungarian_association/share/colcon-core/packages/hungarian_association)
[1.693s] DEBUG:colcon.colcon_parallel_executor.executor.parallel:closing loop
[1.694s] DEBUG:colcon.colcon_parallel_executor.executor.parallel:loop closed
[1.694s] DEBUG:colcon.colcon_parallel_executor.executor.parallel:run_until_complete finished with '0'
[1.694s] DEBUG:colcon.colcon_core.event_reactor:joining thread
[1.696s] INFO:colcon.colcon_core.plugin_system:Skipping extension 'colcon_notification.desktop_notification.notify2': 'notify2' not found
[1.696s] INFO:colcon.colcon_core.plugin_system:Skipping extension 'colcon_notification.desktop_notification.terminal_notifier': Not used on non-Darwin systems
[1.696s] INFO:colcon.colcon_core.plugin_system:Skipping extension 'colcon_notification.desktop_notification.win32': Not used on non-Windows systems
[1.696s] INFO:colcon.colcon_notification.desktop_notification:Sending desktop notification using 'notify_send'
[1.714s] DEBUG:colcon.colcon_core.event_reactor:joined thread
[1.715s] INFO:colcon.colcon_core.shell:Creating prefix script '/home/user1/ROS2_Workspace/ros2_ws/install/local_setup.ps1'
[1.716s] INFO:colcon.colcon_core.shell:Creating prefix util module '/home/user1/ROS2_Workspace/ros2_ws/install/_local_setup_util_ps1.py'
[1.717s] INFO:colcon.colcon_core.shell:Creating prefix chain script '/home/user1/ROS2_Workspace/ros2_ws/install/setup.ps1'
[1.719s] INFO:colcon.colcon_core.shell:Creating prefix script '/home/user1/ROS2_Workspace/ros2_ws/install/local_setup.sh'
[1.720s] INFO:colcon.colcon_core.shell:Creating prefix util module '/home/user1/ROS2_Workspace/ros2_ws/install/_local_setup_util_sh.py'
[1.720s] INFO:colcon.colcon_core.shell:Creating prefix chain script '/home/user1/ROS2_Workspace/ros2_ws/install/setup.sh'
[1.722s] INFO:colcon.colcon_core.shell:Creating prefix script '/home/user1/ROS2_Workspace/ros2_ws/install/local_setup.bash'
[1.723s] INFO:colcon.colcon_core.shell:Creating prefix chain script '/home/user1/ROS2_Workspace/ros2_ws/install/setup.bash'
[1.724s] INFO:colcon.colcon_core.shell:Creating prefix script '/home/user1/ROS2_Workspace/ros2_ws/install/local_setup.zsh'
[1.725s] INFO:colcon.colcon_core.shell:Creating prefix chain script '/home/user1/ROS2_Workspace/ros2_ws/install/setup.zsh'
