[0.011s] Invoking command in '/home/user1/ROS2_Workspace/ros2_ws/build/cone_stellation': CMAKE_PREFIX_PATH=${CMAKE_PREFIX_PATH}:/home/user1/ROS2_Workspace/ros2_ws/install/yolo_ros:/home/user1/ROS2_Workspace/ros2_ws/install/ros2_camera_lidar_fusion:/home/user1/ROS2_Workspace/ros2_ws/install/ntrip_client:/home/user1/ROS2_Workspace/ros2_ws/install/hungarian_association:/home/user1/ROS2_Workspace/ros2_ws/install/dead_reckoning:/home/user1/ROS2_Workspace/ros2_ws/install/cc_slam_graph:/opt/ros/humble /usr/local/bin/cmake --build /home/user1/ROS2_Workspace/ros2_ws/build/cone_stellation -- -j16 -l16
[0.045s] [ 16%] Building CXX object CMakeFiles/cone_stellation_core.dir/src/loop_closure_detector.cpp.o
[3.936s] /home/user1/ROS2_Workspace/ros2_ws/src/cone_stellation/src/loop_closure_detector.cpp: In member function ‘cone_stellation::ConstellationDescriptor cone_stellation::LoopClosureDetector::build_descriptor(const Ptr&, const std::unordered_map<int, std::shared_ptr<cone_stellation::ConeLandmark> >&, const std::vector<gtsam::Pose2>&)’:
[3.936s] /home/user1/ROS2_Workspace/ros2_ws/src/cone_stellation/src/loop_closure_detector.cpp:392:31: warning: comparison of integer expressions of different signedness: ‘std::vector<cone_stellation::ConstellationDescriptor::ConeInfo>::size_type’ {aka ‘long unsigned int’} and ‘int’ [-Wsign-compare]
[3.936s]   392 |   if (descriptor.cones.size() > config_.max_cones_per_constellation) {
[3.936s]       |       ~~~~~~~~~~~~~~~~~~~~~~~~^~~~~~~~~~~~~~~~~~~~~~~~~~~~~~~~~~~~~
[3.981s] /home/user1/ROS2_Workspace/ros2_ws/src/cone_stellation/src/loop_closure_detector.cpp: In member function ‘bool cone_stellation::LoopClosureDetector::validate_loop_closure(const Ptr&, const Ptr&, const std::unordered_map<int, std::shared_ptr<cone_stellation::ConeLandmark> >&, cone_stellation::LoopCandidate&)’:
[3.981s] /home/user1/ROS2_Workspace/ros2_ws/src/cone_stellation/src/loop_closure_detector.cpp:659:32: warning: comparison of integer expressions of different signedness: ‘std::vector<std::pair<int, int> >::size_type’ {aka ‘long unsigned int’} and ‘int’ [-Wsign-compare]
[3.981s]   659 |   if (tentative_matches.size() < config_.min_matched_cones) {
[3.981s]       |       ~~~~~~~~~~~~~~~~~~~~~~~~~^~~~~~~~~~~~~~~~~~~~~~~~~~~
[3.984s] /home/user1/ROS2_Workspace/ros2_ws/src/cone_stellation/src/loop_closure_detector.cpp: In member function ‘bool cone_stellation::LoopClosureDetector::estimate_relative_pose(const std::vector<Eigen::Matrix<double, 2, 1> >&, const std::vector<Eigen::Matrix<double, 2, 1> >&, const std::vector<std::pair<int, int> >&, gtsam::Pose2&, std::vector<int>&)’:
[3.984s] /home/user1/ROS2_Workspace/ros2_ws/src/cone_stellation/src/loop_closure_detector.cpp:747:32: warning: comparison of integer expressions of different signedness: ‘std::vector<int>::size_type’ {aka ‘long unsigned int’} and ‘int’ [-Wsign-compare]
[3.984s]   747 |     if (current_inliers.size() > best_inlier_count) {
[3.984s]       |         ~~~~~~~~~~~~~~~~~~~~~~~^~~~~~~~~~~~~~~~~~~
[6.512s] [ 33%] Linking CXX shared library libcone_stellation_core.so
[6.725s] [ 66%] Built target cone_stellation_core
[6.749s] [ 83%] Building CXX object CMakeFiles/cone_slam_node.dir/src/cone_stellation/ros/cone_slam_node.cpp.o
[12.355s] In file included from /home/user1/ROS2_Workspace/ros2_ws/src/cone_stellation/src/cone_stellation/ros/cone_slam_node.cpp:14:
[12.355s] /home/user1/ROS2_Workspace/ros2_ws/src/cone_stellation/include/cone_stellation/odometry/cone_odometry_2d.hpp: In member function ‘virtual Eigen::Isometry3d cone_stellation::ConeOdometry2D::estimate(const ConstPtr&, const ConstPtr&)’:
[12.355s] /home/user1/ROS2_Workspace/ros2_ws/src/cone_stellation/include/cone_stellation/odometry/cone_odometry_2d.hpp:59:33: warning: comparison of integer expressions of different signedness: ‘std::vector<std::pair<int, int> >::size_type’ {aka ‘long unsigned int’} and ‘int’ [-Wsign-compare]
[12.355s]    59 |     if (correspondences_.size() < config_.min_correspondences) {
[12.355s]       |         ~~~~~~~~~~~~~~~~~~~~~~~~^~~~~~~~~~~~~~~~~~~~~~~~~~~~~
[12.681s] In file included from /opt/ros/humble/include/rclcpp/rclcpp/client.hpp:40,
[12.682s]                  from /opt/ros/humble/include/rclcpp/rclcpp/callback_group.hpp:24,
[12.682s]                  from /opt/ros/humble/include/rclcpp/rclcpp/any_executable.hpp:20,
[12.682s]                  from /opt/ros/humble/include/rclcpp/rclcpp/memory_strategy.hpp:25,
[12.682s]                  from /opt/ros/humble/include/rclcpp/rclcpp/memory_strategies.hpp:18,
[12.682s]                  from /opt/ros/humble/include/rclcpp/rclcpp/executor_options.hpp:20,
[12.682s]                  from /opt/ros/humble/include/rclcpp/rclcpp/executor.hpp:37,
[12.682s]                  from /opt/ros/humble/include/rclcpp/rclcpp/executors/multi_threaded_executor.hpp:25,
[12.682s]                  from /opt/ros/humble/include/rclcpp/rclcpp/executors.hpp:21,
[12.682s]                  from /opt/ros/humble/include/rclcpp/rclcpp/rclcpp.hpp:155,
[12.682s]                  from /home/user1/ROS2_Workspace/ros2_ws/src/cone_stellation/src/cone_stellation/ros/cone_slam_node.cpp:1:
[12.682s] /home/user1/ROS2_Workspace/ros2_ws/src/cone_stellation/include/cone_stellation/mapping/cone_mapping.hpp: At global scope:
[12.683s] /home/user1/ROS2_Workspace/ros2_ws/src/cone_stellation/include/cone_stellation/mapping/cone_mapping.hpp:508:5: error: expected unqualified-id before ‘do’
[12.683s]   508 |     RCLCPP_INFO(rclcpp::get_logger("cone_mapping"),
[12.683s]       |     ^~~~~~~~~~~
[12.683s] /home/user1/ROS2_Workspace/ros2_ws/src/cone_stellation/include/cone_stellation/mapping/cone_mapping.hpp:508:5: error: expected unqualified-id before ‘while’
[12.683s]   508 |     RCLCPP_INFO(rclcpp::get_logger("cone_mapping"),
[12.683s]       |     ^~~~~~~~~~~
[12.683s] In file included from /home/user1/ROS2_Workspace/ros2_ws/src/cone_stellation/src/cone_stellation/ros/cone_slam_node.cpp:16:
[12.683s] /home/user1/ROS2_Workspace/ros2_ws/src/cone_stellation/include/cone_stellation/mapping/cone_mapping.hpp:514:5: error: expected unqualified-id before ‘if’
[12.683s]   514 |     if (!observed_landmark_ids.empty()) {
[12.683s]       |     ^~
[12.683s] /home/user1/ROS2_Workspace/ros2_ws/src/cone_stellation/include/cone_stellation/mapping/cone_mapping.hpp:524:5: error: expected unqualified-id before ‘if’
[12.683s]   524 |     if (config_.enable_inter_landmark_factors && observed_landmark_ids.size() >= 2) {
[12.683s]       |     ^~
[12.683s] /home/user1/ROS2_Workspace/ros2_ws/src/cone_stellation/include/cone_stellation/mapping/cone_mapping.hpp:529:7: error: expected unqualified-id before ‘else’
[12.683s]   529 |     } else {
[12.683s]       |       ^~~~
[12.683s] /home/user1/ROS2_Workspace/ros2_ws/src/cone_stellation/include/cone_stellation/mapping/cone_mapping.hpp:537:5: error: expected unqualified-id before ‘for’
[12.683s]   537 |     for (const auto& pattern : obs_set.detected_patterns) {
[12.683s]       |     ^~~
[12.683s] In file included from /opt/ros/humble/include/rclcpp/rclcpp/client.hpp:40,
[12.683s]                  from /opt/ros/humble/include/rclcpp/rclcpp/callback_group.hpp:24,
[12.684s]                  from /opt/ros/humble/include/rclcpp/rclcpp/any_executable.hpp:20,
[12.684s]                  from /opt/ros/humble/include/rclcpp/rclcpp/memory_strategy.hpp:25,
[12.684s]                  from /opt/ros/humble/include/rclcpp/rclcpp/memory_strategies.hpp:18,
[12.684s]                  from /opt/ros/humble/include/rclcpp/rclcpp/executor_options.hpp:20,
[12.684s]                  from /opt/ros/humble/include/rclcpp/rclcpp/executor.hpp:37,
[12.684s]                  from /opt/ros/humble/include/rclcpp/rclcpp/executors/multi_threaded_executor.hpp:25,
[12.684s]                  from /opt/ros/humble/include/rclcpp/rclcpp/executors.hpp:21,
[12.684s]                  from /opt/ros/humble/include/rclcpp/rclcpp/rclcpp.hpp:155,
[12.684s]                  from /home/user1/ROS2_Workspace/ros2_ws/src/cone_stellation/src/cone_stellation/ros/cone_slam_node.cpp:1:
[12.684s] /home/user1/ROS2_Workspace/ros2_ws/src/cone_stellation/include/cone_stellation/mapping/cone_mapping.hpp:541:5: error: expected unqualified-id before ‘do’
[12.684s]   541 |     RCLCPP_INFO(rclcpp::get_logger("cone_mapping"),
[12.684s]       |     ^~~~~~~~~~~
[12.684s] /home/user1/ROS2_Workspace/ros2_ws/src/cone_stellation/include/cone_stellation/mapping/cone_mapping.hpp:541:5: error: expected unqualified-id before ‘while’
[12.684s]   541 |     RCLCPP_INFO(rclcpp::get_logger("cone_mapping"),
[12.684s]       |     ^~~~~~~~~~~
[12.684s] In file included from /home/user1/ROS2_Workspace/ros2_ws/src/cone_stellation/src/cone_stellation/ros/cone_slam_node.cpp:16:
[12.684s] /home/user1/ROS2_Workspace/ros2_ws/src/cone_stellation/include/cone_stellation/mapping/cone_mapping.hpp:543:4: error: expected ‘;’ after class definition
[12.684s]   543 |   }
[12.684s]       |    ^
[12.684s]       |    ;
[12.684s] /home/user1/ROS2_Workspace/ros2_ws/src/cone_stellation/include/cone_stellation/mapping/cone_mapping.hpp: In constructor ‘cone_stellation::ConeMapping::ConeMapping(const cone_stellation::ConeMapping::Config&)’:
[12.684s] /home/user1/ROS2_Workspace/ros2_ws/src/cone_stellation/include/cone_stellation/mapping/cone_mapping.hpp:81:7: error: class ‘cone_stellation::ConeMapping’ does not have any field named ‘config_’
[12.684s]    81 |     : config_(config),
[12.684s]       |       ^~~~~~~
[12.684s] /home/user1/ROS2_Workspace/ros2_ws/src/cone_stellation/include/cone_stellation/mapping/cone_mapping.hpp:82:7: error: class ‘cone_stellation::ConeMapping’ does not have any field named ‘next_pose_id_’
[12.684s]    82 |       next_pose_id_(0),
[12.684s]       |       ^~~~~~~~~~~~~
[12.684s] /home/user1/ROS2_Workspace/ros2_ws/src/cone_stellation/include/cone_stellation/mapping/cone_mapping.hpp:83:7: error: class ‘cone_stellation::ConeMapping’ does not have any field named ‘next_landmark_id_’
[12.685s]    83 |       next_landmark_id_(0),
[12.685s]       |       ^~~~~~~~~~~~~~~~~
[12.685s] /home/user1/ROS2_Workspace/ros2_ws/src/cone_stellation/include/cone_stellation/mapping/cone_mapping.hpp:84:7: error: class ‘cone_stellation::ConeMapping’ does not have any field named ‘next_tentative_id_’
[12.685s]    84 |       next_tentative_id_(0),
[12.685s]       |       ^~~~~~~~~~~~~~~~~~
[12.685s] /home/user1/ROS2_Workspace/ros2_ws/src/cone_stellation/include/cone_stellation/mapping/cone_mapping.hpp:85:7: error: class ‘cone_stellation::ConeMapping’ does not have any field named ‘frames_since_optimization_’
[12.685s]    85 |       frames_since_optimization_(0) {
[12.685s]       |       ^~~~~~~~~~~~~~~~~~~~~~~~~~
[12.689s] In file included from /opt/ros/humble/include/rclcpp/rclcpp/logging.hpp:24,
[12.689s]                  from /opt/ros/humble/include/rclcpp/rclcpp/client.hpp:40,
[12.689s]                  from /opt/ros/humble/include/rclcpp/rclcpp/callback_group.hpp:24,
[12.689s]                  from /opt/ros/humble/include/rclcpp/rclcpp/any_executable.hpp:20,
[12.689s]                  from /opt/ros/humble/include/rclcpp/rclcpp/memory_strategy.hpp:25,
[12.689s]                  from /opt/ros/humble/include/rclcpp/rclcpp/memory_strategies.hpp:18,
[12.689s]                  from /opt/ros/humble/include/rclcpp/rclcpp/executor_options.hpp:20,
[12.689s]                  from /opt/ros/humble/include/rclcpp/rclcpp/executor.hpp:37,
[12.689s]                  from /opt/ros/humble/include/rclcpp/rclcpp/executors/multi_threaded_executor.hpp:25,
[12.689s]                  from /opt/ros/humble/include/rclcpp/rclcpp/executors.hpp:21,
[12.689s]                  from /opt/ros/humble/include/rclcpp/rclcpp/rclcpp.hpp:155,
[12.689s]                  from /home/user1/ROS2_Workspace/ros2_ws/src/cone_stellation/src/cone_stellation/ros/cone_slam_node.cpp:1:
[12.689s] /home/user1/ROS2_Workspace/ros2_ws/src/cone_stellation/include/cone_stellation/mapping/cone_mapping.hpp:89:17: error: ‘config_’ was not declared in this scope; did you mean ‘config’?
[12.689s]    89 |                 config_.enable_inter_landmark_factors ? "ENABLED" : "DISABLED");
[12.689s]       |                 ^~~~~~~
[12.695s] In file included from /home/user1/ROS2_Workspace/ros2_ws/src/cone_stellation/src/cone_stellation/ros/cone_slam_node.cpp:16:
[12.695s] /home/user1/ROS2_Workspace/ros2_ws/src/cone_stellation/include/cone_stellation/mapping/cone_mapping.hpp:93:35: error: ‘config_’ was not declared in this scope; did you mean ‘config’?
[12.695s]    93 |     params.relinearizeThreshold = config_.isam2_relinearize_threshold;
[12.695s]       |                                   ^~~~~~~
[12.695s]       |                                   config
[12.701s] /home/user1/ROS2_Workspace/ros2_ws/src/cone_stellation/include/cone_stellation/mapping/cone_mapping.hpp:100:5: error: ‘isam2_’ was not declared in this scope
[12.702s]   100 |     isam2_ = std::make_shared<gtsam::ISAM2>(params);
[12.702s]       |     ^~~~~~
[12.718s] /home/user1/ROS2_Workspace/ros2_ws/src/cone_stellation/include/cone_stellation/mapping/cone_mapping.hpp:121:9: error: ‘loop_detector_’ was not declared in this scope
[12.718s]   121 |         loop_detector_ = std::make_shared<LoopClosureDetector>(loop_config);
[12.718s]       |         ^~~~~~~~~~~~~~
[12.733s] /home/user1/ROS2_Workspace/ros2_ws/src/cone_stellation/include/cone_stellation/mapping/cone_mapping.hpp:127:9: error: ‘loop_detector_’ was not declared in this scope
[12.734s]   127 |         loop_detector_ = nullptr;
[12.734s]       |         ^~~~~~~~~~~~~~
[12.745s] /home/user1/ROS2_Workspace/ros2_ws/src/cone_stellation/include/cone_stellation/mapping/cone_mapping.hpp:130:11: error: ‘loop_detector_’ was not declared in this scope
[12.745s]   130 |       if (loop_detector_) {
[12.745s]       |           ^~~~~~~~~~~~~~
[12.758s] /home/user1/ROS2_Workspace/ros2_ws/src/cone_stellation/include/cone_stellation/mapping/cone_mapping.hpp:141:7: error: ‘loop_detector_’ was not declared in this scope
[12.758s]   141 |       loop_detector_ = nullptr;
[12.758s]       |       ^~~~~~~~~~~~~~
[12.769s] /home/user1/ROS2_Workspace/ros2_ws/src/cone_stellation/include/cone_stellation/mapping/cone_mapping.hpp: In member function ‘void cone_stellation::ConeMapping::add_keyframe(const Ptr&)’:
[12.769s] /home/user1/ROS2_Workspace/ros2_ws/src/cone_stellation/include/cone_stellation/mapping/cone_mapping.hpp:151:19: error: ‘next_pose_id_’ was not declared in this scope; did you mean ‘get_next_pose_id’?
[12.769s]   151 |       frame->id = next_pose_id_;
[12.769s]       |                   ^~~~~~~~~~~~~
[12.770s]       |                   get_next_pose_id
[12.779s] In file included from /opt/ros/humble/include/rclcpp/rclcpp/logging.hpp:24,
[12.779s]                  from /opt/ros/humble/include/rclcpp/rclcpp/client.hpp:40,
[12.779s]                  from /opt/ros/humble/include/rclcpp/rclcpp/callback_group.hpp:24,
[12.779s]                  from /opt/ros/humble/include/rclcpp/rclcpp/any_executable.hpp:20,
[12.780s]                  from /opt/ros/humble/include/rclcpp/rclcpp/memory_strategy.hpp:25,
[12.780s]                  from /opt/ros/humble/include/rclcpp/rclcpp/memory_strategies.hpp:18,
[12.780s]                  from /opt/ros/humble/include/rclcpp/rclcpp/executor_options.hpp:20,
[12.780s]                  from /opt/ros/humble/include/rclcpp/rclcpp/executor.hpp:37,
[12.780s]                  from /opt/ros/humble/include/rclcpp/rclcpp/executors/multi_threaded_executor.hpp:25,
[12.780s]                  from /opt/ros/humble/include/rclcpp/rclcpp/executors.hpp:21,
[12.780s]                  from /opt/ros/humble/include/rclcpp/rclcpp/rclcpp.hpp:155,
[12.780s]                  from /home/user1/ROS2_Workspace/ros2_ws/src/cone_stellation/src/cone_stellation/ros/cone_slam_node.cpp:1:
[12.780s] /home/user1/ROS2_Workspace/ros2_ws/src/cone_stellation/include/cone_stellation/mapping/cone_mapping.hpp:156:28: error: ‘next_pose_id_’ was not declared in this scope; did you mean ‘get_next_pose_id’?
[12.780s]   156 |                 frame->id, next_pose_id_);
[12.780s]       |                            ^~~~~~~~~~~~~
[12.789s] In file included from /home/user1/ROS2_Workspace/ros2_ws/src/cone_stellation/src/cone_stellation/ros/cone_slam_node.cpp:16:
[12.789s] /home/user1/ROS2_Workspace/ros2_ws/src/cone_stellation/include/cone_stellation/mapping/cone_mapping.hpp:159:33: error: ‘next_pose_id_’ was not declared in this scope; did you mean ‘get_next_pose_id’?
[12.789s]   159 |     gtsam::Symbol pose_key('x', next_pose_id_);
[12.789s]       |                                 ^~~~~~~~~~~~~
[12.789s]       |                                 get_next_pose_id
[12.796s] /home/user1/ROS2_Workspace/ros2_ws/src/cone_stellation/include/cone_stellation/mapping/cone_mapping.hpp:185:5: error: ‘frames_’ was not declared in this scope; did you mean ‘frame’?
[12.796s]   185 |     frames_[next_pose_id_] = frame;
[12.796s]       |     ^~~~~~~
[12.796s]       |     frame
[12.802s] In file included from /opt/ros/humble/include/rclcpp/rclcpp/logging.hpp:24,
[12.802s]                  from /opt/ros/humble/include/rclcpp/rclcpp/client.hpp:40,
[12.802s]                  from /opt/ros/humble/include/rclcpp/rclcpp/callback_group.hpp:24,
[12.803s]                  from /opt/ros/humble/include/rclcpp/rclcpp/any_executable.hpp:20,
[12.803s]                  from /opt/ros/humble/include/rclcpp/rclcpp/memory_strategy.hpp:25,
[12.803s]                  from /opt/ros/humble/include/rclcpp/rclcpp/memory_strategies.hpp:18,
[12.803s]                  from /opt/ros/humble/include/rclcpp/rclcpp/executor_options.hpp:20,
[12.803s]                  from /opt/ros/humble/include/rclcpp/rclcpp/executor.hpp:37,
[12.803s]                  from /opt/ros/humble/include/rclcpp/rclcpp/executors/multi_threaded_executor.hpp:25,
[12.803s]                  from /opt/ros/humble/include/rclcpp/rclcpp/executors.hpp:21,
[12.803s]                  from /opt/ros/humble/include/rclcpp/rclcpp/rclcpp.hpp:155,
[12.803s]                  from /home/user1/ROS2_Workspace/ros2_ws/src/cone_stellation/src/cone_stellation/ros/cone_slam_node.cpp:1:
[12.803s] /home/user1/ROS2_Workspace/ros2_ws/src/cone_stellation/include/cone_stellation/mapping/cone_mapping.hpp:196:17: error: ‘config_’ was not declared in this scope; did you mean ‘Config’?
[12.803s]   196 |                 config_.enable_loop_closure ? "true" : "false",
[12.803s]       |                 ^~~~~~~
[12.810s] /home/user1/ROS2_Workspace/ros2_ws/src/cone_stellation/include/cone_stellation/mapping/cone_mapping.hpp:197:17: error: ‘loop_detector_’ was not declared in this scope; did you mean ‘loop_detected’?
[12.810s]   197 |                 loop_detector_ ? "valid" : "NULL",
[12.810s]       |                 ^~~~~~~~~~~~~~
[12.816s] In file included from /home/user1/ROS2_Workspace/ros2_ws/src/cone_stellation/src/cone_stellation/ros/cone_slam_node.cpp:16:
[12.816s] /home/user1/ROS2_Workspace/ros2_ws/src/cone_stellation/include/cone_stellation/mapping/cone_mapping.hpp:200:9: error: ‘config_’ was not declared in this scope; did you mean ‘Config’?
[12.816s]   200 |     if (config_.enable_loop_closure && loop_detector_ && next_pose_id_ > config_.min_keyframes_apart) {
[12.816s]       |         ^~~~~~~
[12.816s]       |         Config
[12.824s] /home/user1/ROS2_Workspace/ros2_ws/src/cone_stellation/include/cone_stellation/mapping/cone_mapping.hpp:200:40: error: ‘loop_detector_’ was not declared in this scope; did you mean ‘loop_detected’?
[12.824s]   200 |     if (config_.enable_loop_closure && loop_detector_ && next_pose_id_ > config_.min_keyframes_apart) {
[12.824s]       |                                        ^~~~~~~~~~~~~~
[12.824s]       |                                        loop_detected
[12.837s] /home/user1/ROS2_Workspace/ros2_ws/src/cone_stellation/include/cone_stellation/mapping/cone_mapping.hpp:234:45: error: ‘landmarks_’ was not declared in this scope; did you mean ‘get_landmarks’?
[12.837s]   234 |         loop_detector_->add_keyframe(frame, landmarks_, recent_poses);
[12.837s]       |                                             ^~~~~~~~~~
[12.837s]       |                                             get_landmarks
[12.855s] /home/user1/ROS2_Workspace/ros2_ws/src/cone_stellation/include/cone_stellation/mapping/cone_mapping.hpp:251:13: error: ‘add_loop_closure_factor’ was not declared in this scope
[12.855s]   251 |             add_loop_closure_factor(candidate);
[12.855s]       |             ^~~~~~~~~~~~~~~~~~~~~~~
[12.876s] /home/user1/ROS2_Workspace/ros2_ws/src/cone_stellation/include/cone_stellation/mapping/cone_mapping.hpp:267:5: error: ‘frames_since_optimization_’ was not declared in this scope
[12.876s]   267 |     frames_since_optimization_++;
[12.876s]       |     ^~~~~~~~~~~~~~~~~~~~~~~~~~
[12.883s] In file included from /opt/ros/humble/include/rclcpp/rclcpp/logging.hpp:24,
[12.883s]                  from /opt/ros/humble/include/rclcpp/rclcpp/client.hpp:40,
[12.883s]                  from /opt/ros/humble/include/rclcpp/rclcpp/callback_group.hpp:24,
[12.883s]                  from /opt/ros/humble/include/rclcpp/rclcpp/any_executable.hpp:20,
[12.883s]                  from /opt/ros/humble/include/rclcpp/rclcpp/memory_strategy.hpp:25,
[12.883s]                  from /opt/ros/humble/include/rclcpp/rclcpp/memory_strategies.hpp:18,
[12.883s]                  from /opt/ros/humble/include/rclcpp/rclcpp/executor_options.hpp:20,
[12.883s]                  from /opt/ros/humble/include/rclcpp/rclcpp/executor.hpp:37,
[12.883s]                  from /opt/ros/humble/include/rclcpp/rclcpp/executors/multi_threaded_executor.hpp:25,
[12.883s]                  from /opt/ros/humble/include/rclcpp/rclcpp/executors.hpp:21,
[12.883s]                  from /opt/ros/humble/include/rclcpp/rclcpp/rclcpp.hpp:155,
[12.883s]                  from /home/user1/ROS2_Workspace/ros2_ws/src/cone_stellation/src/cone_stellation/ros/cone_slam_node.cpp:1:
[12.884s] /home/user1/ROS2_Workspace/ros2_ws/src/cone_stellation/include/cone_stellation/mapping/cone_mapping.hpp:270:45: error: ‘config_’ was not declared in this scope; did you mean ‘Config’?
[12.884s]   270 |                 frames_since_optimization_, config_.optimize_every_n_frames,
[12.884s]       |                                             ^~~~~~~
[12.888s] In file included from /home/user1/ROS2_Workspace/ros2_ws/src/cone_stellation/src/cone_stellation/ros/cone_slam_node.cpp:16:
[12.888s] /home/user1/ROS2_Workspace/ros2_ws/src/cone_stellation/include/cone_stellation/mapping/cone_mapping.hpp:273:39: error: ‘config_’ was not declared in this scope; did you mean ‘Config’?
[12.888s]   273 |     if (frames_since_optimization_ >= config_.optimize_every_n_frames ||
[12.888s]       |                                       ^~~~~~~
[12.889s]       |                                       Config
[12.895s] /home/user1/ROS2_Workspace/ros2_ws/src/cone_stellation/include/cone_stellation/mapping/cone_mapping.hpp:279:9: error: ‘optimize’ was not declared in this scope
[12.895s]   279 |         optimize();
[12.895s]       |         ^~~~~~~~
[12.905s] In file included from /opt/ros/humble/include/rclcpp/rclcpp/logging.hpp:24,
[12.905s]                  from /opt/ros/humble/include/rclcpp/rclcpp/client.hpp:40,
[12.905s]                  from /opt/ros/humble/include/rclcpp/rclcpp/callback_group.hpp:24,
[12.905s]                  from /opt/ros/humble/include/rclcpp/rclcpp/any_executable.hpp:20,
[12.906s]                  from /opt/ros/humble/include/rclcpp/rclcpp/memory_strategy.hpp:25,
[12.906s]                  from /opt/ros/humble/include/rclcpp/rclcpp/memory_strategies.hpp:18,
[12.906s]                  from /opt/ros/humble/include/rclcpp/rclcpp/executor_options.hpp:20,
[12.906s]                  from /opt/ros/humble/include/rclcpp/rclcpp/executor.hpp:37,
[12.906s]                  from /opt/ros/humble/include/rclcpp/rclcpp/executors/multi_threaded_executor.hpp:25,
[12.906s]                  from /opt/ros/humble/include/rclcpp/rclcpp/executors.hpp:21,
[12.906s]                  from /opt/ros/humble/include/rclcpp/rclcpp/rclcpp.hpp:155,
[12.906s]                  from /home/user1/ROS2_Workspace/ros2_ws/src/cone_stellation/src/cone_stellation/ros/cone_slam_node.cpp:1:
[12.906s] /home/user1/ROS2_Workspace/ros2_ws/src/cone_stellation/include/cone_stellation/mapping/cone_mapping.hpp:295:17: error: ‘new_factors_’ was not declared in this scope
[12.906s]   295 |                 new_factors_.size(),
[12.906s]       |                 ^~~~~~~~~~~~
[12.914s] /home/user1/ROS2_Workspace/ros2_ws/src/cone_stellation/include/cone_stellation/mapping/cone_mapping.hpp:296:17: error: ‘landmarks_’ was not declared in this scope; did you mean ‘get_landmarks’?
[12.914s]   296 |                 landmarks_.size());
[12.914s]       |                 ^~~~~~~~~~
[12.922s] In file included from /home/user1/ROS2_Workspace/ros2_ws/src/cone_stellation/src/cone_stellation/ros/cone_slam_node.cpp:16:
[12.922s] /home/user1/ROS2_Workspace/ros2_ws/src/cone_stellation/include/cone_stellation/mapping/cone_mapping.hpp: In member function ‘gtsam::Values cone_stellation::ConeMapping::get_current_estimate() const’:
[12.922s] /home/user1/ROS2_Workspace/ros2_ws/src/cone_stellation/include/cone_stellation/mapping/cone_mapping.hpp:303:12: error: ‘isam2_’ was not declared in this scope
[12.922s]   303 |     return isam2_->calculateEstimate();
[12.923s]       |            ^~~~~~
[12.930s] /home/user1/ROS2_Workspace/ros2_ws/src/cone_stellation/include/cone_stellation/mapping/cone_mapping.hpp: In member function ‘std::unordered_map<int, std::shared_ptr<cone_stellation::ConeLandmark> > cone_stellation::ConeMapping::get_landmarks() const’:
[12.930s] /home/user1/ROS2_Workspace/ros2_ws/src/cone_stellation/include/cone_stellation/mapping/cone_mapping.hpp:310:12: error: ‘landmarks_’ was not declared in this scope; did you mean ‘get_landmarks’?
[12.930s]   310 |     return landmarks_;
[12.930s]       |            ^~~~~~~~~~
[12.930s]       |            get_landmarks
[12.936s] /home/user1/ROS2_Workspace/ros2_ws/src/cone_stellation/include/cone_stellation/mapping/cone_mapping.hpp: In member function ‘gtsam::NonlinearFactorGraph cone_stellation::ConeMapping::get_factor_graph() const’:
[12.936s] /home/user1/ROS2_Workspace/ros2_ws/src/cone_stellation/include/cone_stellation/mapping/cone_mapping.hpp:318:12: error: ‘isam2_’ was not declared in this scope
[12.936s]   318 |     return isam2_->getFactorsUnsafe();
[12.936s]       |            ^~~~~~
[12.951s] /home/user1/ROS2_Workspace/ros2_ws/src/cone_stellation/include/cone_stellation/mapping/cone_mapping.hpp: In member function ‘std::unordered_map<int, gtsam::Pose2> cone_stellation::ConeMapping::get_poses() const’:
[12.951s] /home/user1/ROS2_Workspace/ros2_ws/src/cone_stellation/include/cone_stellation/mapping/cone_mapping.hpp:326:19: error: ‘isam2_’ was not declared in this scope
[12.951s]   326 |     auto values = isam2_->calculateEstimate();
[12.951s]       |                   ^~~~~~
[12.957s] /home/user1/ROS2_Workspace/ros2_ws/src/cone_stellation/include/cone_stellation/mapping/cone_mapping.hpp:328:36: error: ‘frames_’ was not declared in this scope; did you mean ‘frame’?
[12.957s]   328 |     for (const auto& [id, frame] : frames_) {
[12.957s]       |                                    ^~~~~~~
[12.958s]       |                                    frame
[12.958s] /home/user1/ROS2_Workspace/ros2_ws/src/cone_stellation/include/cone_stellation/mapping/cone_mapping.hpp:331:43: error: expected primary-expression before ‘>’ token
[12.958s]   331 |         poses[id] = values.at<gtsam::Pose2>(pose_key);
[12.958s]       |                                           ^
[12.967s] /home/user1/ROS2_Workspace/ros2_ws/src/cone_stellation/include/cone_stellation/mapping/cone_mapping.hpp: In member function ‘int cone_stellation::ConeMapping::get_next_pose_id() const’:
[12.967s] /home/user1/ROS2_Workspace/ros2_ws/src/cone_stellation/include/cone_stellation/mapping/cone_mapping.hpp:341:12: error: ‘next_pose_id_’ was not declared in this scope; did you mean ‘get_next_pose_id’?
[12.967s]   341 |     return next_pose_id_;
[12.967s]       |            ^~~~~~~~~~~~~
[12.967s]       |            get_next_pose_id
[12.978s] /home/user1/ROS2_Workspace/ros2_ws/src/cone_stellation/include/cone_stellation/mapping/cone_mapping.hpp: In member function ‘void cone_stellation::ConeMapping::add_prior_factor(const gtsam::Symbol&, const Ptr&)’:
[12.978s] /home/user1/ROS2_Workspace/ros2_ws/src/cone_stellation/include/cone_stellation/mapping/cone_mapping.hpp:355:5: error: ‘new_factors_’ was not declared in this scope
[12.978s]   355 |     new_factors_.add(gtsam::PriorFactor<gtsam::Pose2>(pose_key, pose2d, prior_noise));
[12.978s]       |     ^~~~~~~~~~~~
[12.989s] /home/user1/ROS2_Workspace/ros2_ws/src/cone_stellation/include/cone_stellation/mapping/cone_mapping.hpp:357:5: error: ‘initial_values_’ was not declared in this scope
[12.990s]   357 |     initial_values_.insert(pose_key, pose2d);
[12.990s]       |     ^~~~~~~~~~~~~~~
[12.998s] /home/user1/ROS2_Workspace/ros2_ws/src/cone_stellation/include/cone_stellation/mapping/cone_mapping.hpp: In member function ‘void cone_stellation::ConeMapping::add_odometry_factor(const gtsam::Symbol&, const Ptr&)’:
[12.999s] /home/user1/ROS2_Workspace/ros2_ws/src/cone_stellation/include/cone_stellation/mapping/cone_mapping.hpp:365:38: error: ‘next_pose_id_’ was not declared in this scope; did you mean ‘get_next_pose_id’?
[12.999s]   365 |     gtsam::Symbol prev_pose_key('x', next_pose_id_ - 1);
[12.999s]       |                                      ^~~~~~~~~~~~~
[12.999s]       |                                      get_next_pose_id
[13.004s] /home/user1/ROS2_Workspace/ros2_ws/src/cone_stellation/include/cone_stellation/mapping/cone_mapping.hpp:368:30: error: ‘frames_’ was not declared in this scope
[13.005s]   368 |     const auto& prev_frame = frames_[next_pose_id_ - 1];
[13.005s]       |                              ^~~~~~~
[13.011s] /home/user1/ROS2_Workspace/ros2_ws/src/cone_stellation/include/cone_stellation/mapping/cone_mapping.hpp:384:24: error: ‘config_’ was not declared in this scope; did you mean ‘Config’?
[13.011s]   384 |         gtsam::Vector3(config_.odometry_noise, config_.odometry_noise,
[13.011s]       |                        ^~~~~~~
[13.011s]       |                        Config
[13.021s] /home/user1/ROS2_Workspace/ros2_ws/src/cone_stellation/include/cone_stellation/mapping/cone_mapping.hpp:387:5: error: ‘new_factors_’ was not declared in this scope
[13.021s]   387 |     new_factors_.emplace_shared<gtsam::BetweenFactor<gtsam::Pose2>>(
[13.021s]       |     ^~~~~~~~~~~~
[13.021s] /home/user1/ROS2_Workspace/ros2_ws/src/cone_stellation/include/cone_stellation/mapping/cone_mapping.hpp:387:66: error: expected primary-expression before ‘>’ token
[13.021s]   387 |     new_factors_.emplace_shared<gtsam::BetweenFactor<gtsam::Pose2>>(
[13.021s]       |                                                                  ^~
[13.021s] /home/user1/ROS2_Workspace/ros2_ws/src/cone_stellation/include/cone_stellation/mapping/cone_mapping.hpp:388:9: warning: left operand of comma operator has no effect [-Wunused-value]
[13.021s]   388 |         prev_pose_key, current_pose_key, odom_delta, odom_noise);
[13.021s]       |         ^~~~~~~~~~~~~
[13.022s] /home/user1/ROS2_Workspace/ros2_ws/src/cone_stellation/include/cone_stellation/mapping/cone_mapping.hpp:388:24: warning: right operand of comma operator has no effect [-Wunused-value]
[13.022s]   388 |         prev_pose_key, current_pose_key, odom_delta, odom_noise);
[13.022s]       |                        ^~~~~~~~~~~~~~~~
[13.027s] /home/user1/ROS2_Workspace/ros2_ws/src/cone_stellation/include/cone_stellation/mapping/cone_mapping.hpp:391:24: error: ‘isam2_’ was not declared in this scope
[13.027s]   391 |     auto prev_values = isam2_->calculateEstimate();
[13.027s]       |                        ^~~~~~
[13.027s] /home/user1/ROS2_Workspace/ros2_ws/src/cone_stellation/include/cone_stellation/mapping/cone_mapping.hpp:393:59: error: expected primary-expression before ‘>’ token
[13.027s]   393 |       gtsam::Pose2 prev_pose = prev_values.at<gtsam::Pose2>(prev_pose_key);
[13.027s]       |                                                           ^
[13.038s] /home/user1/ROS2_Workspace/ros2_ws/src/cone_stellation/include/cone_stellation/mapping/cone_mapping.hpp:394:7: error: ‘initial_values_’ was not declared in this scope
[13.038s]   394 |       initial_values_.insert(current_pose_key, prev_pose * odom_delta);
[13.038s]       |       ^~~~~~~~~~~~~~~
[13.050s] /home/user1/ROS2_Workspace/ros2_ws/src/cone_stellation/include/cone_stellation/mapping/cone_mapping.hpp:399:7: error: ‘initial_values_’ was not declared in this scope
[13.051s]   399 |       initial_values_.insert(current_pose_key,
[13.051s]       |       ^~~~~~~~~~~~~~~
[13.065s] /home/user1/ROS2_Workspace/ros2_ws/src/cone_stellation/include/cone_stellation/mapping/cone_mapping.hpp: In member function ‘void cone_stellation::ConeMapping::process_cone_observations(const Ptr&, const gtsam::Symbol&)’:
[13.065s] /home/user1/ROS2_Workspace/ros2_ws/src/cone_stellation/include/cone_stellation/mapping/cone_mapping.hpp:422:5: error: ‘tentative_to_landmark_’ was not declared in this scope; did you mean ‘TentativeLandmark’?
[13.065s]   422 |     tentative_to_landmark_.clear();
[13.066s]       |     ^~~~~~~~~~~~~~~~~~~~~~
[13.066s]       |     TentativeLandmark
[13.091s] /home/user1/ROS2_Workspace/ros2_ws/src/cone_stellation/include/cone_stellation/mapping/cone_mapping.hpp:429:25: error: ‘associate_with_confirmed_landmark’ was not declared in this scope
[13.091s]   429 |       int landmark_id = associate_with_confirmed_landmark(obs, frame);
[13.091s]       |                         ^~~~~~~~~~~~~~~~~~~~~~~~~~~~~~~~~
[13.105s] /home/user1/ROS2_Workspace/ros2_ws/src/cone_stellation/include/cone_stellation/mapping/cone_mapping.hpp:434:9: error: ‘add_observation_factor’ was not declared in this scope; did you mean ‘ConeObservationFactor’?
[13.105s]   434 |         add_observation_factor(pose_key, landmark_id, obs);
[13.105s]       |         ^~~~~~~~~~~~~~~~~~~~~~
[13.105s]       |         ConeObservationFactor
[13.112s] /home/user1/ROS2_Workspace/ros2_ws/src/cone_stellation/include/cone_stellation/mapping/cone_mapping.hpp:436:9: error: ‘landmarks_’ was not declared in this scope; did you mean ‘landmark_id’?
[13.112s]   436 |         landmarks_[landmark_id]->increment_observations();
[13.112s]       |         ^~~~~~~~~~
[13.113s]       |         landmark_id
[13.120s] /home/user1/ROS2_Workspace/ros2_ws/src/cone_stellation/include/cone_stellation/mapping/cone_mapping.hpp:443:13: error: ‘landmarks_’ was not declared in this scope; did you mean ‘landmark_id’?
[13.120s]   443 |         if (landmarks_.size() < 10 || tentative_landmarks_.empty()) {  // Reduced threshold
[13.120s]       |             ^~~~~~~~~~
[13.120s]       |             landmark_id
[13.130s] /home/user1/ROS2_Workspace/ros2_ws/src/cone_stellation/include/cone_stellation/mapping/cone_mapping.hpp:443:39: error: ‘tentative_landmarks_’ was not declared in this scope; did you mean ‘TentativeLandmark’?
[13.130s]   443 |         if (landmarks_.size() < 10 || tentative_landmarks_.empty()) {  // Reduced threshold
[13.130s]       |                                       ^~~~~~~~~~~~~~~~~~~~
[13.131s]       |                                       TentativeLandmark
[13.140s] /home/user1/ROS2_Workspace/ros2_ws/src/cone_stellation/include/cone_stellation/mapping/cone_mapping.hpp:446:33: error: ‘next_landmark_id_’ was not declared in this scope; did you mean ‘new_landmark_id’?
[13.140s]   446 |           int new_landmark_id = next_landmark_id_++;
[13.140s]       |                                 ^~~~~~~~~~~~~~~~~
[13.140s]       |                                 new_landmark_id
[13.152s] /home/user1/ROS2_Workspace/ros2_ws/src/cone_stellation/include/cone_stellation/mapping/cone_mapping.hpp:452:11: error: ‘initial_values_’ was not declared in this scope
[13.153s]   452 |           initial_values_.insert(landmark_key, gtsam::Point2(world_pos));
[13.153s]       |           ^~~~~~~~~~~~~~~
[13.162s] /home/user1/ROS2_Workspace/ros2_ws/src/cone_stellation/include/cone_stellation/mapping/cone_mapping.hpp:457:13: error: ‘new_factors_’ was not declared in this scope
[13.162s]   457 |             new_factors_.emplace_shared<gtsam::PriorFactor<gtsam::Point2>>(
[13.162s]       |             ^~~~~~~~~~~~
[13.162s] /home/user1/ROS2_Workspace/ros2_ws/src/cone_stellation/include/cone_stellation/mapping/cone_mapping.hpp:457:73: error: expected primary-expression before ‘>’ token
[13.162s]   457 |             new_factors_.emplace_shared<gtsam::PriorFactor<gtsam::Point2>>(
[13.162s]       |                                                                         ^~
[13.162s] /home/user1/ROS2_Workspace/ros2_ws/src/cone_stellation/include/cone_stellation/mapping/cone_mapping.hpp:458:17: warning: left operand of comma operator has no effect [-Wunused-value]
[13.162s]   458 |                 landmark_key, gtsam::Point2(world_pos), prior_noise);
[13.162s]       |                 ^~~~~~~~~~~~
[13.176s] /home/user1/ROS2_Workspace/ros2_ws/src/cone_stellation/include/cone_stellation/mapping/cone_mapping.hpp:466:11: error: ‘add_observation_factor’ was not declared in this scope; did you mean ‘ConeObservationFactor’?
[13.176s]   466 |           add_observation_factor(pose_key, new_landmark_id, obs);
[13.176s]       |           ^~~~~~~~~~~~~~~~~~~~~~
[13.176s]       |           ConeObservationFactor
[13.201s] /home/user1/ROS2_Workspace/ros2_ws/src/cone_stellation/include/cone_stellation/mapping/cone_mapping.hpp:470:30: error: ‘associate_with_tentative_landmark’ was not declared in this scope
[13.201s]   470 |           int tentative_id = associate_with_tentative_landmark(obs, frame);
[13.201s]       |                              ^~~~~~~~~~~~~~~~~~~~~~~~~~~~~~~~~
[13.221s] /home/user1/ROS2_Workspace/ros2_ws/src/cone_stellation/include/cone_stellation/mapping/cone_mapping.hpp:480:5: error: ‘promote_tentative_landmarks’ was not declared in this scope
[13.222s]   480 |     promote_tentative_landmarks();
[13.222s]       |     ^~~~~~~~~~~~~~~~~~~~~~~~~~~
[13.235s] /home/user1/ROS2_Workspace/ros2_ws/src/cone_stellation/include/cone_stellation/mapping/cone_mapping.hpp:496:15: error: ‘add_observation_factor’ was not declared in this scope; did you mean ‘ConeObservationFactor’?
[13.235s]   496 |               add_observation_factor(pose_key, landmark_id, obs);
[13.235s]       |               ^~~~~~~~~~~~~~~~~~~~~~
[13.236s]       |               ConeObservationFactor
[13.241s] /home/user1/ROS2_Workspace/ros2_ws/src/cone_stellation/include/cone_stellation/mapping/cone_mapping.hpp: In function ‘int cone_stellation::associate_with_confirmed_landmark(const cone_stellation::ConeObservation&, const Ptr&)’:
[13.241s] /home/user1/ROS2_Workspace/ros2_ws/src/cone_stellation/include/cone_stellation/mapping/cone_mapping.hpp:554:28: error: ‘config_’ was not declared in this scope
[13.241s]   554 |     double best_distance = config_.max_association_distance;
[13.241s]       |                            ^~~~~~~
[13.246s] /home/user1/ROS2_Workspace/ros2_ws/src/cone_stellation/include/cone_stellation/mapping/cone_mapping.hpp:556:39: error: ‘landmarks_’ was not declared in this scope; did you mean ‘landmark’?
[13.246s]   556 |     for (const auto& [id, landmark] : landmarks_) {
[13.246s]       |                                       ^~~~~~~~~~
[13.246s]       |                                       landmark
[13.250s] /home/user1/ROS2_Workspace/ros2_ws/src/cone_stellation/include/cone_stellation/mapping/cone_mapping.hpp: In function ‘void cone_stellation::add_observation_factor(const gtsam::Symbol&, int, const cone_stellation::ConeObservation&)’:
[13.250s] /home/user1/ROS2_Workspace/ros2_ws/src/cone_stellation/include/cone_stellation/mapping/cone_mapping.hpp:583:24: error: ‘config_’ was not declared in this scope
[13.251s]   583 |         gtsam::Vector2(config_.cone_observation_noise, config_.cone_observation_noise));
[13.251s]       |                        ^~~~~~~
[13.257s] /home/user1/ROS2_Workspace/ros2_ws/src/cone_stellation/include/cone_stellation/mapping/cone_mapping.hpp:587:5: error: ‘new_factors_’ was not declared in this scope
[13.257s]   587 |     new_factors_.emplace_shared<ConeObservationFactor>(
[13.257s]       |     ^~~~~~~~~~~~
[13.257s] /home/user1/ROS2_Workspace/ros2_ws/src/cone_stellation/include/cone_stellation/mapping/cone_mapping.hpp:587:54: error: expected primary-expression before ‘>’ token
[13.257s]   587 |     new_factors_.emplace_shared<ConeObservationFactor>(
[13.258s]       |                                                      ^
[13.258s] /home/user1/ROS2_Workspace/ros2_ws/src/cone_stellation/include/cone_stellation/mapping/cone_mapping.hpp:588:9: warning: left operand of comma operator has no effect [-Wunused-value]
[13.258s]   588 |         pose_key, landmark_key, gtsam::Point2(obs.position.x(), obs.position.y()), obs_noise);
[13.258s]       |         ^~~~~~~~
[13.258s] /home/user1/ROS2_Workspace/ros2_ws/src/cone_stellation/include/cone_stellation/mapping/cone_mapping.hpp:588:81: warning: right operand of comma operator has no effect [-Wunused-value]
[13.258s]   588 |         pose_key, landmark_key, gtsam::Point2(obs.position.x(), obs.position.y()), obs_noise);
[13.258s]       |                                                                                 ^
[13.265s] /home/user1/ROS2_Workspace/ros2_ws/src/cone_stellation/include/cone_stellation/mapping/cone_mapping.hpp: In function ‘void cone_stellation::create_inter_landmark_factors(const std::vector<int>&, const Ptr&)’:
[13.265s] /home/user1/ROS2_Workspace/ros2_ws/src/cone_stellation/include/cone_stellation/mapping/cone_mapping.hpp:620:13: error: ‘landmarks_’ was not declared in this scope; did you mean ‘landmark_ids’?
[13.265s]   620 |         if (landmarks_.find(id1) != landmarks_.end() &&
[13.265s]       |             ^~~~~~~~~~
[13.265s]       |             landmark_ids
[13.269s] /home/user1/ROS2_Workspace/ros2_ws/src/cone_stellation/include/cone_stellation/mapping/cone_mapping.hpp:629:9: error: ‘config_’ was not declared in this scope
[13.269s]   629 |     if (config_.use_clustering) {
[13.269s]       |         ^~~~~~~
[13.289s] /home/user1/ROS2_Workspace/ros2_ws/src/cone_stellation/include/cone_stellation/mapping/cone_mapping.hpp:630:7: error: ‘create_clustered_inter_landmark_factors’ was not declared in this scope; did you mean ‘create_inter_landmark_factors’?
[13.289s]   630 |       create_clustered_inter_landmark_factors(landmark_ids, frame);
[13.289s]       |       ^~~~~~~~~~~~~~~~~~~~~~~~~~~~~~~~~~~~~~~
[13.289s]       |       create_inter_landmark_factors
[13.304s] /home/user1/ROS2_Workspace/ros2_ws/src/cone_stellation/include/cone_stellation/mapping/cone_mapping.hpp:632:7: error: ‘create_simple_inter_landmark_factors’ was not declared in this scope; did you mean ‘create_inter_landmark_factors’?
[13.304s]   632 |       create_simple_inter_landmark_factors(landmark_ids, frame);
[13.304s]       |       ^~~~~~~~~~~~~~~~~~~~~~~~~~~~~~~~~~~~
[13.304s]       |       create_inter_landmark_factors
[13.313s] /home/user1/ROS2_Workspace/ros2_ws/src/cone_stellation/include/cone_stellation/mapping/cone_mapping.hpp: In function ‘void cone_stellation::create_clustered_inter_landmark_factors(const std::vector<int>&, const Ptr&)’:
[13.313s] /home/user1/ROS2_Workspace/ros2_ws/src/cone_stellation/include/cone_stellation/mapping/cone_mapping.hpp:654:25: error: ‘landmarks_’ was not declared in this scope; did you mean ‘landmark_ids’?
[13.313s]   654 |       const auto& lm1 = landmarks_[landmark_ids[i]];
[13.313s]       |                         ^~~~~~~~~~
[13.313s]       |                         landmark_ids
[13.331s] /home/user1/ROS2_Workspace/ros2_ws/src/cone_stellation/include/cone_stellation/mapping/cone_mapping.hpp:686:13: error: ‘should_create_inter_landmark_factor’ was not declared in this scope; did you mean ‘create_inter_landmark_factors’?
[13.331s]   686 |         if (should_create_inter_landmark_factor(cluster[i], cluster[i+1])) {
[13.331s]       |             ^~~~~~~~~~~~~~~~~~~~~~~~~~~~~~~~~~~
[13.331s]       |             create_inter_landmark_factors
[13.344s] /home/user1/ROS2_Workspace/ros2_ws/src/cone_stellation/include/cone_stellation/mapping/cone_mapping.hpp:687:11: error: ‘create_distance_factor’ was not declared in this scope; did you mean ‘ConeDistanceFactor’?
[13.344s]   687 |           create_distance_factor(cluster[i], cluster[i+1], frame);
[13.344s]       |           ^~~~~~~~~~~~~~~~~~~~~~
[13.344s]       |           ConeDistanceFactor
[13.361s] /home/user1/ROS2_Workspace/ros2_ws/src/cone_stellation/include/cone_stellation/mapping/cone_mapping.hpp:694:13: error: ‘should_create_inter_landmark_factor’ was not declared in this scope; did you mean ‘create_inter_landmark_factors’?
[13.361s]   694 |         if (should_create_inter_landmark_factor(cluster[0], cluster.back())) {
[13.361s]       |             ^~~~~~~~~~~~~~~~~~~~~~~~~~~~~~~~~~~
[13.361s]       |             create_inter_landmark_factors
[13.374s] /home/user1/ROS2_Workspace/ros2_ws/src/cone_stellation/include/cone_stellation/mapping/cone_mapping.hpp:695:11: error: ‘create_distance_factor’ was not declared in this scope; did you mean ‘ConeDistanceFactor’?
[13.374s]   695 |           create_distance_factor(cluster[0], cluster.back(), frame);
[13.374s]       |           ^~~~~~~~~~~~~~~~~~~~~~
[13.374s]       |           ConeDistanceFactor
[13.390s] /home/user1/ROS2_Workspace/ros2_ws/src/cone_stellation/include/cone_stellation/mapping/cone_mapping.hpp:709:15: error: ‘should_create_inter_landmark_factor’ was not declared in this scope; did you mean ‘create_inter_landmark_factors’?
[13.391s]   709 |           if (should_create_inter_landmark_factor(id1, id2)) {
[13.391s]       |               ^~~~~~~~~~~~~~~~~~~~~~~~~~~~~~~~~~~
[13.391s]       |               create_inter_landmark_factors
[13.403s] /home/user1/ROS2_Workspace/ros2_ws/src/cone_stellation/include/cone_stellation/mapping/cone_mapping.hpp:710:13: error: ‘create_distance_factor’ was not declared in this scope; did you mean ‘ConeDistanceFactor’?
[13.403s]   710 |             create_distance_factor(id1, id2, frame);
[13.403s]       |             ^~~~~~~~~~~~~~~~~~~~~~
[13.403s]       |             ConeDistanceFactor
[13.408s] /home/user1/ROS2_Workspace/ros2_ws/src/cone_stellation/include/cone_stellation/mapping/cone_mapping.hpp:718:27: error: ‘config_’ was not declared in this scope
[13.408s]   718 |     if (factors_created > config_.max_inter_factors_per_frame) {
[13.408s]       |                           ^~~~~~~
[13.413s] /home/user1/ROS2_Workspace/ros2_ws/src/cone_stellation/include/cone_stellation/mapping/cone_mapping.hpp: In function ‘void cone_stellation::create_simple_inter_landmark_factors(const std::vector<int>&, const Ptr&)’:
[13.413s] /home/user1/ROS2_Workspace/ros2_ws/src/cone_stellation/include/cone_stellation/mapping/cone_mapping.hpp:739:69: error: ‘config_’ was not declared in this scope
[13.414s]   739 |     for (size_t i = 0; i < landmark_ids.size() && factors_created < config_.max_inter_factors_per_frame; ++i) {
[13.414s]       |                                                                     ^~~~~~~
[13.430s] /home/user1/ROS2_Workspace/ros2_ws/src/cone_stellation/include/cone_stellation/mapping/cone_mapping.hpp:744:13: error: ‘should_create_inter_landmark_factor’ was not declared in this scope; did you mean ‘create_inter_landmark_factors’?
[13.430s]   744 |         if (should_create_inter_landmark_factor(id1, id2)) {
[13.431s]       |             ^~~~~~~~~~~~~~~~~~~~~~~~~~~~~~~~~~~
[13.431s]       |             create_inter_landmark_factors
[13.443s] /home/user1/ROS2_Workspace/ros2_ws/src/cone_stellation/include/cone_stellation/mapping/cone_mapping.hpp:745:11: error: ‘create_distance_factor’ was not declared in this scope; did you mean ‘ConeDistanceFactor’?
[13.443s]   745 |           create_distance_factor(id1, id2, frame);
[13.443s]       |           ^~~~~~~~~~~~~~~~~~~~~~
[13.443s]       |           ConeDistanceFactor
[13.444s] /home/user1/ROS2_Workspace/ros2_ws/src/cone_stellation/include/cone_stellation/mapping/cone_mapping.hpp: At global scope:
[13.444s] /home/user1/ROS2_Workspace/ros2_ws/src/cone_stellation/include/cone_stellation/mapping/cone_mapping.hpp:758:62: error: non-member function ‘bool cone_stellation::should_create_inter_landmark_factor(int, int)’ cannot have cv-qualifier
[13.444s]   758 |   bool should_create_inter_landmark_factor(int id1, int id2) const {
[13.444s]       |                                                              ^~~~~
[13.451s] /home/user1/ROS2_Workspace/ros2_ws/src/cone_stellation/include/cone_stellation/mapping/cone_mapping.hpp: In function ‘bool cone_stellation::should_create_inter_landmark_factor(int, int)’:
[13.451s] /home/user1/ROS2_Workspace/ros2_ws/src/cone_stellation/include/cone_stellation/mapping/cone_mapping.hpp:763:9: error: ‘landmarks_’ was not declared in this scope
[13.451s]   763 |     if (landmarks_.find(id1) == landmarks_.end() || landmarks_.find(id2) == landmarks_.end()) {
[13.452s]       |         ^~~~~~~~~~
[13.459s] /home/user1/ROS2_Workspace/ros2_ws/src/cone_stellation/include/cone_stellation/mapping/cone_mapping.hpp:771:23: error: ‘landmarks_’ was not declared in this scope
[13.459s]   771 |     const auto& lm1 = landmarks_.at(id1);
[13.459s]       |                       ^~~~~~~~~~
[13.464s] In file included from /opt/ros/humble/include/rclcpp/rclcpp/logging.hpp:24,
[13.464s]                  from /opt/ros/humble/include/rclcpp/rclcpp/client.hpp:40,
[13.464s]                  from /opt/ros/humble/include/rclcpp/rclcpp/callback_group.hpp:24,
[13.464s]                  from /opt/ros/humble/include/rclcpp/rclcpp/any_executable.hpp:20,
[13.464s]                  from /opt/ros/humble/include/rclcpp/rclcpp/memory_strategy.hpp:25,
[13.464s]                  from /opt/ros/humble/include/rclcpp/rclcpp/memory_strategies.hpp:18,
[13.464s]                  from /opt/ros/humble/include/rclcpp/rclcpp/executor_options.hpp:20,
[13.464s]                  from /opt/ros/humble/include/rclcpp/rclcpp/executor.hpp:37,
[13.464s]                  from /opt/ros/humble/include/rclcpp/rclcpp/executors/multi_threaded_executor.hpp:25,
[13.464s]                  from /opt/ros/humble/include/rclcpp/rclcpp/executors.hpp:21,
[13.465s]                  from /opt/ros/humble/include/rclcpp/rclcpp/rclcpp.hpp:155,
[13.465s]                  from /home/user1/ROS2_Workspace/ros2_ws/src/cone_stellation/src/cone_stellation/ros/cone_slam_node.cpp:1:
[13.465s] /home/user1/ROS2_Workspace/ros2_ws/src/cone_stellation/include/cone_stellation/mapping/cone_mapping.hpp:778:58: error: ‘config_’ was not declared in this scope
[13.465s]   778 |                 id1, id2, co_obs_count, static_cast<int>(config_.min_covisibility_count));
[13.465s]       |                                                          ^~~~~~~
[13.468s] In file included from /home/user1/ROS2_Workspace/ros2_ws/src/cone_stellation/src/cone_stellation/ros/cone_slam_node.cpp:16:
[13.468s] /home/user1/ROS2_Workspace/ros2_ws/src/cone_stellation/include/cone_stellation/mapping/cone_mapping.hpp:780:24: error: ‘config_’ was not declared in this scope
[13.468s]   780 |     if (co_obs_count < config_.min_covisibility_count) {
[13.468s]       |                        ^~~~~~~
[13.473s] In file included from /opt/ros/humble/include/rclcpp/rclcpp/logging.hpp:24,
[13.473s]                  from /opt/ros/humble/include/rclcpp/rclcpp/client.hpp:40,
[13.473s]                  from /opt/ros/humble/include/rclcpp/rclcpp/callback_group.hpp:24,
[13.473s]                  from /opt/ros/humble/include/rclcpp/rclcpp/any_executable.hpp:20,
[13.473s]                  from /opt/ros/humble/include/rclcpp/rclcpp/memory_strategy.hpp:25,
[13.473s]                  from /opt/ros/humble/include/rclcpp/rclcpp/memory_strategies.hpp:18,
[13.473s]                  from /opt/ros/humble/include/rclcpp/rclcpp/executor_options.hpp:20,
[13.474s]                  from /opt/ros/humble/include/rclcpp/rclcpp/executor.hpp:37,
[13.474s]                  from /opt/ros/humble/include/rclcpp/rclcpp/executors/multi_threaded_executor.hpp:25,
[13.474s]                  from /opt/ros/humble/include/rclcpp/rclcpp/executors.hpp:21,
[13.474s]                  from /opt/ros/humble/include/rclcpp/rclcpp/rclcpp.hpp:155,
[13.474s]                  from /home/user1/ROS2_Workspace/ros2_ws/src/cone_stellation/src/cone_stellation/ros/cone_slam_node.cpp:1:
[13.474s] /home/user1/ROS2_Workspace/ros2_ws/src/cone_stellation/include/cone_stellation/mapping/cone_mapping.hpp:791:37: error: ‘config_’ was not declared in this scope
[13.474s]   791 |                 id1, id2, distance, config_.min_landmark_distance, config_.max_landmark_distance);
[13.474s]       |                                     ^~~~~~~
[13.477s] In file included from /home/user1/ROS2_Workspace/ros2_ws/src/cone_stellation/src/cone_stellation/ros/cone_slam_node.cpp:16:
[13.477s] /home/user1/ROS2_Workspace/ros2_ws/src/cone_stellation/include/cone_stellation/mapping/cone_mapping.hpp:793:20: error: ‘config_’ was not declared in this scope
[13.477s]   793 |     if (distance < config_.min_landmark_distance) {
[13.477s]       |                    ^~~~~~~
[13.481s] /home/user1/ROS2_Workspace/ros2_ws/src/cone_stellation/include/cone_stellation/mapping/cone_mapping.hpp:800:20: error: ‘config_’ was not declared in this scope
[13.481s]   800 |     if (distance > config_.max_landmark_distance) {
[13.482s]       |                    ^~~~~~~
[13.489s] /home/user1/ROS2_Workspace/ros2_ws/src/cone_stellation/include/cone_stellation/mapping/cone_mapping.hpp: In function ‘void cone_stellation::create_distance_factor(int, int, const Ptr&)’:
[13.489s] /home/user1/ROS2_Workspace/ros2_ws/src/cone_stellation/include/cone_stellation/mapping/cone_mapping.hpp:821:9: error: ‘landmarks_’ was not declared in this scope
[13.489s]   821 |     if (landmarks_.find(id1) == landmarks_.end() || landmarks_.find(id2) == landmarks_.end()) {
[13.489s]       |         ^~~~~~~~~~
[13.493s] /home/user1/ROS2_Workspace/ros2_ws/src/cone_stellation/include/cone_stellation/mapping/cone_mapping.hpp:832:31: error: ‘isam2_’ was not declared in this scope
[13.493s]   832 |       auto current_estimate = isam2_->calculateEstimate();
[13.493s]       |                               ^~~~~~
[13.502s] /home/user1/ROS2_Workspace/ros2_ws/src/cone_stellation/include/cone_stellation/mapping/cone_mapping.hpp:833:73: error: ‘initial_values_’ was not declared in this scope
[13.502s]   833 |       bool landmark1_exists = current_estimate.exists(landmark1_key) || initial_values_.exists(landmark1_key);
[13.502s]       |                                                                         ^~~~~~~~~~~~~~~
[13.507s] /home/user1/ROS2_Workspace/ros2_ws/src/cone_stellation/include/cone_stellation/mapping/cone_mapping.hpp:844:25: error: ‘landmarks_’ was not declared in this scope; did you mean ‘landmark2_key’?
[13.507s]   844 |       const auto& lm1 = landmarks_.at(id1);
[13.507s]       |                         ^~~~~~~~~~
[13.507s]       |                         landmark2_key
[13.511s] /home/user1/ROS2_Workspace/ros2_ws/src/cone_stellation/include/cone_stellation/mapping/cone_mapping.hpp:849:58: error: ‘config_’ was not declared in this scope
[13.511s]   849 |       if (measured_distance < 0.1 || measured_distance > config_.max_landmark_distance) {
[13.511s]       |                                                          ^~~~~~~
[13.515s] /home/user1/ROS2_Workspace/ros2_ws/src/cone_stellation/include/cone_stellation/mapping/cone_mapping.hpp:856:28: error: ‘config_’ was not declared in this scope
[13.515s]   856 |       double noise_sigma = config_.inter_landmark_distance_noise *
[13.515s]       |                            ^~~~~~~
[13.522s] /home/user1/ROS2_Workspace/ros2_ws/src/cone_stellation/include/cone_stellation/mapping/cone_mapping.hpp:861:7: error: ‘new_factors_’ was not declared in this scope
[13.522s]   861 |       new_factors_.emplace_shared<ConeDistanceFactor>(
[13.523s]       |       ^~~~~~~~~~~~
[13.523s] /home/user1/ROS2_Workspace/ros2_ws/src/cone_stellation/include/cone_stellation/mapping/cone_mapping.hpp:861:53: error: expected primary-expression before ‘>’ token
[13.523s]   861 |       new_factors_.emplace_shared<ConeDistanceFactor>(
[13.523s]       |                                                     ^
[13.523s] /home/user1/ROS2_Workspace/ros2_ws/src/cone_stellation/include/cone_stellation/mapping/cone_mapping.hpp:862:11: warning: left operand of comma operator has no effect [-Wunused-value]
[13.523s]   862 |           landmark1_key, landmark2_key, measured_distance, distance_noise);
[13.523s]       |           ^~~~~~~~~~~~~
[13.523s] /home/user1/ROS2_Workspace/ros2_ws/src/cone_stellation/include/cone_stellation/mapping/cone_mapping.hpp:862:41: warning: right operand of comma operator has no effect [-Wunused-value]
[13.523s]   862 |           landmark1_key, landmark2_key, measured_distance, distance_noise);
[13.523s]       |                                         ^~~~~~~~~~~~~~~~~
[13.523s] /home/user1/ROS2_Workspace/ros2_ws/src/cone_stellation/include/cone_stellation/mapping/cone_mapping.hpp:862:60: warning: right operand of comma operator has no effect [-Wunused-value]
[13.523s]   862 |           landmark1_key, landmark2_key, measured_distance, distance_noise);
[13.523s]       |                                                            ^~~~~~~~~~~~~~
[13.523s] /home/user1/ROS2_Workspace/ros2_ws/src/cone_stellation/include/cone_stellation/mapping/cone_mapping.hpp:819:77: warning: unused parameter ‘frame’ [-Wunused-parameter]
[13.523s]   819 |   void create_distance_factor(int id1, int id2, const EstimationFrame::Ptr& frame) {
[13.523s]       |                                                 ~~~~~~~~~~~~~~~~~~~~~~~~~~~~^~~~~
[13.528s] /home/user1/ROS2_Workspace/ros2_ws/src/cone_stellation/include/cone_stellation/mapping/cone_mapping.hpp: In function ‘void cone_stellation::create_pattern_factors(const cone_stellation::ConePattern&, const Ptr&)’:
[13.528s] /home/user1/ROS2_Workspace/ros2_ws/src/cone_stellation/include/cone_stellation/mapping/cone_mapping.hpp:900:34: error: ‘config_’ was not declared in this scope
[13.528s]   900 |                   gtsam::Vector1(config_.pattern_factor_noise));
[13.528s]       |                                  ^~~~~~~
[13.535s] /home/user1/ROS2_Workspace/ros2_ws/src/cone_stellation/include/cone_stellation/mapping/cone_mapping.hpp:902:15: error: ‘new_factors_’ was not declared in this scope
[13.535s]   902 |               new_factors_.emplace_shared<ConeLineFactor>(l1, l2, l3, line_noise);
[13.535s]       |               ^~~~~~~~~~~~
[13.535s] /home/user1/ROS2_Workspace/ros2_ws/src/cone_stellation/include/cone_stellation/mapping/cone_mapping.hpp:902:57: error: expected primary-expression before ‘>’ token
[13.535s]   902 |               new_factors_.emplace_shared<ConeLineFactor>(l1, l2, l3, line_noise);
[13.535s]       |                                                         ^
[13.535s] /home/user1/ROS2_Workspace/ros2_ws/src/cone_stellation/include/cone_stellation/mapping/cone_mapping.hpp:902:59: warning: left operand of comma operator has no effect [-Wunused-value]
[13.536s]   902 |               new_factors_.emplace_shared<ConeLineFactor>(l1, l2, l3, line_noise);
[13.536s]       |                                                           ^~
[13.536s] /home/user1/ROS2_Workspace/ros2_ws/src/cone_stellation/include/cone_stellation/mapping/cone_mapping.hpp:902:67: warning: right operand of comma operator has no effect [-Wunused-value]
[13.536s]   902 |               new_factors_.emplace_shared<ConeLineFactor>(l1, l2, l3, line_noise);
[13.536s]       |                                                                   ^~
[13.542s] /home/user1/ROS2_Workspace/ros2_ws/src/cone_stellation/include/cone_stellation/mapping/cone_mapping.hpp: In function ‘void cone_stellation::optimize()’:
[13.542s] /home/user1/ROS2_Workspace/ros2_ws/src/cone_stellation/include/cone_stellation/mapping/cone_mapping.hpp:914:9: error: ‘new_factors_’ was not declared in this scope
[13.543s]   914 |     if (new_factors_.empty() && initial_values_.empty()) {
[13.543s]       |         ^~~~~~~~~~~~
[13.551s] /home/user1/ROS2_Workspace/ros2_ws/src/cone_stellation/include/cone_stellation/mapping/cone_mapping.hpp:914:33: error: ‘initial_values_’ was not declared in this scope
[13.551s]   914 |     if (new_factors_.empty() && initial_values_.empty()) {
[13.551s]       |                                 ^~~~~~~~~~~~~~~
[13.560s] In file included from /opt/ros/humble/include/rclcpp/rclcpp/logging.hpp:24,
[13.560s]                  from /opt/ros/humble/include/rclcpp/rclcpp/client.hpp:40,
[13.560s]                  from /opt/ros/humble/include/rclcpp/rclcpp/callback_group.hpp:24,
[13.560s]                  from /opt/ros/humble/include/rclcpp/rclcpp/any_executable.hpp:20,
[13.560s]                  from /opt/ros/humble/include/rclcpp/rclcpp/memory_strategy.hpp:25,
[13.560s]                  from /opt/ros/humble/include/rclcpp/rclcpp/memory_strategies.hpp:18,
[13.560s]                  from /opt/ros/humble/include/rclcpp/rclcpp/executor_options.hpp:20,
[13.560s]                  from /opt/ros/humble/include/rclcpp/rclcpp/executor.hpp:37,
[13.560s]                  from /opt/ros/humble/include/rclcpp/rclcpp/executors/multi_threaded_executor.hpp:25,
[13.560s]                  from /opt/ros/humble/include/rclcpp/rclcpp/executors.hpp:21,
[13.560s]                  from /opt/ros/humble/include/rclcpp/rclcpp/rclcpp.hpp:155,
[13.560s]                  from /home/user1/ROS2_Workspace/ros2_ws/src/cone_stellation/src/cone_stellation/ros/cone_slam_node.cpp:1:
[13.560s] /home/user1/ROS2_Workspace/ros2_ws/src/cone_stellation/include/cone_stellation/mapping/cone_mapping.hpp:922:17: error: ‘new_factors_’ was not declared in this scope
[13.561s]   922 |                 new_factors_.size(), initial_values_.size());
[13.561s]       |                 ^~~~~~~~~~~~
[13.569s] /home/user1/ROS2_Workspace/ros2_ws/src/cone_stellation/include/cone_stellation/mapping/cone_mapping.hpp:922:38: error: ‘initial_values_’ was not declared in this scope
[13.569s]   922 |                 new_factors_.size(), initial_values_.size());
[13.569s]       |                                      ^~~~~~~~~~~~~~~
[13.573s] /home/user1/ROS2_Workspace/ros2_ws/src/cone_stellation/include/cone_stellation/mapping/cone_mapping.hpp:928:19: error: ‘isam2_’ was not declared in this scope
[13.573s]   928 |                   isam2_->getFactorsUnsafe().size());
[13.574s]       |                   ^~~~~~
[13.580s] In file included from /home/user1/ROS2_Workspace/ros2_ws/src/cone_stellation/src/cone_stellation/ros/cone_slam_node.cpp:16:
[13.580s] /home/user1/ROS2_Workspace/ros2_ws/src/cone_stellation/include/cone_stellation/mapping/cone_mapping.hpp:931:30: error: ‘new_factors_’ was not declared in this scope
[13.581s]   931 |       for (size_t i = 0; i < new_factors_.size(); ++i) {
[13.581s]       |                              ^~~~~~~~~~~~
[13.588s] /home/user1/ROS2_Workspace/ros2_ws/src/cone_stellation/include/cone_stellation/mapping/cone_mapping.hpp:941:11: error: ‘new_factors_’ was not declared in this scope
[13.588s]   941 |       if (new_factors_.empty() && initial_values_.empty()) {
[13.588s]       |           ^~~~~~~~~~~~
[13.597s] /home/user1/ROS2_Workspace/ros2_ws/src/cone_stellation/include/cone_stellation/mapping/cone_mapping.hpp:941:35: error: ‘initial_values_’ was not declared in this scope
[13.598s]   941 |       if (new_factors_.empty() && initial_values_.empty()) {
[13.598s]       |                                   ^~~~~~~~~~~~~~~
[13.601s] /home/user1/ROS2_Workspace/ros2_ws/src/cone_stellation/include/cone_stellation/mapping/cone_mapping.hpp:948:35: error: ‘isam2_’ was not declared in this scope
[13.602s]   948 |       gtsam::ISAM2Result result = isam2_->update(new_factors_, initial_values_);
[13.602s]       |                                   ^~~~~~
[13.608s] /home/user1/ROS2_Workspace/ros2_ws/src/cone_stellation/include/cone_stellation/mapping/cone_mapping.hpp:948:50: error: ‘new_factors_’ was not declared in this scope
[13.608s]   948 |       gtsam::ISAM2Result result = isam2_->update(new_factors_, initial_values_);
[13.608s]       |                                                  ^~~~~~~~~~~~
[13.618s] /home/user1/ROS2_Workspace/ros2_ws/src/cone_stellation/include/cone_stellation/mapping/cone_mapping.hpp:948:64: error: ‘initial_values_’ was not declared in this scope
[13.618s]   948 |       gtsam::ISAM2Result result = isam2_->update(new_factors_, initial_values_);
[13.618s]       |                                                                ^~~~~~~~~~~~~~~
[13.634s] /home/user1/ROS2_Workspace/ros2_ws/src/cone_stellation/include/cone_stellation/mapping/cone_mapping.hpp:960:7: error: ‘frames_since_optimization_’ was not declared in this scope
[13.635s]   960 |       frames_since_optimization_ = 0;
[13.635s]       |       ^~~~~~~~~~~~~~~~~~~~~~~~~~
[13.638s] /home/user1/ROS2_Workspace/ros2_ws/src/cone_stellation/include/cone_stellation/mapping/cone_mapping.hpp:964:35: error: ‘landmarks_’ was not declared in this scope; did you mean ‘landmark’?
[13.638s]   964 |       for (auto& [id, landmark] : landmarks_) {
[13.639s]       |                                   ^~~~~~~~~~
[13.639s]       |                                   landmark
[13.639s] /home/user1/ROS2_Workspace/ros2_ws/src/cone_stellation/include/cone_stellation/mapping/cone_mapping.hpp:967:74: error: expected primary-expression before ‘>’ token
[13.639s]   967 |           gtsam::Point2 optimized_pos = current_estimate.at<gtsam::Point2>(landmark_key);
[13.639s]       |                                                                          ^
[13.646s] In file included from /opt/ros/humble/include/rclcpp/rclcpp/logging.hpp:24,
[13.647s]                  from /opt/ros/humble/include/rclcpp/rclcpp/client.hpp:40,
[13.647s]                  from /opt/ros/humble/include/rclcpp/rclcpp/callback_group.hpp:24,
[13.647s]                  from /opt/ros/humble/include/rclcpp/rclcpp/any_executable.hpp:20,
[13.647s]                  from /opt/ros/humble/include/rclcpp/rclcpp/memory_strategy.hpp:25,
[13.647s]                  from /opt/ros/humble/include/rclcpp/rclcpp/memory_strategies.hpp:18,
[13.647s]                  from /opt/ros/humble/include/rclcpp/rclcpp/executor_options.hpp:20,
[13.647s]                  from /opt/ros/humble/include/rclcpp/rclcpp/executor.hpp:37,
[13.647s]                  from /opt/ros/humble/include/rclcpp/rclcpp/executors/multi_threaded_executor.hpp:25,
[13.647s]                  from /opt/ros/humble/include/rclcpp/rclcpp/executors.hpp:21,
[13.647s]                  from /opt/ros/humble/include/rclcpp/rclcpp/rclcpp.hpp:155,
[13.648s]                  from /home/user1/ROS2_Workspace/ros2_ws/src/cone_stellation/src/cone_stellation/ros/cone_slam_node.cpp:1:
[13.648s] /home/user1/ROS2_Workspace/ros2_ws/src/cone_stellation/include/cone_stellation/mapping/cone_mapping.hpp:974:19: error: ‘next_pose_id_’ was not declared in this scope
[13.648s]   974 |                   next_pose_id_, landmarks_.size());
[13.648s]       |                   ^~~~~~~~~~~~~
[13.654s] /home/user1/ROS2_Workspace/ros2_ws/src/cone_stellation/include/cone_stellation/mapping/cone_mapping.hpp:974:34: error: ‘landmarks_’ was not declared in this scope
[13.654s]   974 |                   next_pose_id_, landmarks_.size());
[13.654s]       |                                  ^~~~~~~~~~
[13.656s] In file included from /home/user1/ROS2_Workspace/ros2_ws/src/cone_stellation/src/cone_stellation/ros/cone_slam_node.cpp:16:
[13.656s] /home/user1/ROS2_Workspace/ros2_ws/src/cone_stellation/include/cone_stellation/mapping/cone_mapping.hpp: At global scope:
[13.656s] /home/user1/ROS2_Workspace/ros2_ws/src/cone_stellation/include/cone_stellation/mapping/cone_mapping.hpp:983:3: error: ‘Config’ does not name a type
[13.656s]   983 |   Config config_;
[13.656s]       |   ^~~~~~
[13.672s] /home/user1/ROS2_Workspace/ros2_ws/src/cone_stellation/include/cone_stellation/mapping/cone_mapping.hpp: In function ‘void cone_stellation::add_loop_closure_factor(const cone_stellation::LoopCandidate&)’:
[13.672s] /home/user1/ROS2_Workspace/ros2_ws/src/cone_stellation/include/cone_stellation/mapping/cone_mapping.hpp:1016:24: error: ‘config_’ was not declared in this scope
[13.672s]  1016 |         gtsam::Vector3(config_.loop_closure_noise, config_.loop_closure_noise,
[13.672s]       |                        ^~~~~~~
[13.679s] /home/user1/ROS2_Workspace/ros2_ws/src/cone_stellation/include/cone_stellation/mapping/cone_mapping.hpp: In function ‘int cone_stellation::associate_with_tentative_landmark(const cone_stellation::ConeObservation&, const Ptr&)’:
[13.679s] /home/user1/ROS2_Workspace/ros2_ws/src/cone_stellation/include/cone_stellation/mapping/cone_mapping.hpp:1055:28: error: ‘config_’ was not declared in this scope
[13.679s]  1055 |     double best_distance = config_.max_association_distance; // Use same threshold
[13.679s]       |                            ^~~~~~~
[13.685s] /home/user1/ROS2_Workspace/ros2_ws/src/cone_stellation/include/cone_stellation/mapping/cone_mapping.hpp: At global scope:
[13.685s] /home/user1/ROS2_Workspace/ros2_ws/src/cone_stellation/include/cone_stellation/mapping/cone_mapping.hpp:1193:1: error: expected declaration before ‘}’ token
[13.685s]  1193 | } // namespace cone_stellation
[13.685s]       | ^
[13.737s] In file included from /home/user1/ROS2_Workspace/ros2_ws/src/cone_stellation/src/cone_stellation/ros/cone_slam_node.cpp:17:
[13.737s] /home/user1/ROS2_Workspace/ros2_ws/src/cone_stellation/include/cone_stellation/mapping/simple_cone_mapping.hpp: In member function ‘void cone_stellation::SimpleConeMapping::add_keyframe(const Ptr&)’:
[13.737s] /home/user1/ROS2_Workspace/ros2_ws/src/cone_stellation/include/cone_stellation/mapping/simple_cone_mapping.hpp:134:21: warning: comparison of integer expressions of different signedness: ‘std::tuple_element<0, const std::pair<const int, int> >::type’ {aka ‘const int’} and ‘std::vector<cone_stellation::ConeObservation>::size_type’ {aka ‘long unsigned int’} [-Wsign-compare]
[13.737s]   134 |         if (obs_idx >= world_observations.size()) continue;
[13.737s]       |             ~~~~~~~~^~~~~~~~~~~~~~~~~~~~~~~~~~~~
[13.737s] /home/user1/ROS2_Workspace/ros2_ws/src/cone_stellation/include/cone_stellation/mapping/simple_cone_mapping.hpp:135:21: warning: comparison of integer expressions of different signedness: ‘std::tuple_element<0, const std::pair<const int, int> >::type’ {aka ‘const int’} and ‘std::vector<cone_stellation::ConeObservation>::size_type’ {aka ‘long unsigned int’} [-Wsign-compare]
[13.737s]   135 |         if (obs_idx >= obs_set.cones.size()) continue;
[13.737s]       |             ~~~~~~~~^~~~~~~~~~~~~~~~~~~~~~~
[21.008s] gmake[2]: *** [CMakeFiles/cone_slam_node.dir/build.make:79: CMakeFiles/cone_slam_node.dir/src/cone_stellation/ros/cone_slam_node.cpp.o] Error 1
[21.008s] gmake[1]: *** [CMakeFiles/Makefile2:188: CMakeFiles/cone_slam_node.dir/all] Error 2
[21.009s] gmake: *** [Makefile:146: all] Error 2
[21.011s] Invoked command in '/home/user1/ROS2_Workspace/ros2_ws/build/cone_stellation' returned '2': CMAKE_PREFIX_PATH=${CMAKE_PREFIX_PATH}:/home/user1/ROS2_Workspace/ros2_ws/install/yolo_ros:/home/user1/ROS2_Workspace/ros2_ws/install/ros2_camera_lidar_fusion:/home/user1/ROS2_Workspace/ros2_ws/install/ntrip_client:/home/user1/ROS2_Workspace/ros2_ws/install/hungarian_association:/home/user1/ROS2_Workspace/ros2_ws/install/dead_reckoning:/home/user1/ROS2_Workspace/ros2_ws/install/cc_slam_graph:/opt/ros/humble /usr/local/bin/cmake --build /home/user1/ROS2_Workspace/ros2_ws/build/cone_stellation -- -j16 -l16
