[0.102s] DEBUG:colcon:Command line arguments: ['/home/user1/ROS2_Workspace/ros2_ws/.venv/bin/colcon', 'build', '--paths', 'src/cone_stellation', '--build-base', '/home/user1/ROS2_Workspace/ros2_ws/build', '--install-base', '/home/user1/ROS2_Workspace/ros2_ws/install', '--symlink-install']
[0.102s] DEBUG:colcon:Parsed command line arguments: Namespace(log_base=None, log_level=None, verb_name='build', build_base='/home/user1/ROS2_Workspace/ros2_ws/build', install_base='/home/user1/ROS2_Workspace/ros2_ws/install', merge_install=False, symlink_install=True, test_result_base=None, continue_on_error=False, executor='parallel', parallel_workers=16, event_handlers=None, ignore_user_meta=False, metas=['./colcon.meta'], base_paths=['.'], packages_ignore=None, packages_ignore_regex=None, paths=['/home/user1/ROS2_Workspace/ros2_ws/src/cone_stellation/src/cone_stellation'], packages_up_to=None, packages_up_to_regex=None, packages_above=None, packages_above_and_dependencies=None, packages_above_depth=None, packages_select_by_dep=None, packages_skip_by_dep=None, packages_skip_up_to=None, packages_select_build_failed=False, packages_skip_build_finished=False, packages_select_test_failures=False, packages_skip_test_passed=False, packages_select=None, packages_skip=None, packages_select_regex=None, packages_skip_regex=None, packages_start=None, packages_end=None, cmake_args=None, cmake_target=None, cmake_target_skip_unavailable=False, cmake_clean_cache=False, cmake_clean_first=False, cmake_force_configure=False, ament_cmake_args=None, catkin_cmake_args=None, catkin_skip_building_tests=False, verb_parser=<colcon_defaults.argument_parser.defaults.DefaultArgumentsDecorator object at 0x78f82cf42770>, verb_extension=<colcon_core.verb.build.BuildVerb object at 0x78f82d0f80d0>, main=<bound method BuildVerb.main of <colcon_core.verb.build.BuildVerb object at 0x78f82d0f80d0>>)
[0.216s] Level 1:colcon.colcon_core.package_discovery:discover_packages(colcon_meta) check parameters
[0.216s] Level 1:colcon.colcon_core.package_discovery:discover_packages(recursive) check parameters
[0.216s] Level 1:colcon.colcon_core.package_discovery:discover_packages(ignore) check parameters
[0.216s] Level 1:colcon.colcon_core.package_discovery:discover_packages(path) check parameters
[0.216s] Level 1:colcon.colcon_core.package_discovery:discover_packages(path) discover
[0.216s] Level 1:colcon.colcon_core.package_discovery:PathPackageDiscovery.discover(['/home/user1/ROS2_Workspace/ros2_ws/src/cone_stellation/src/cone_stellation'])
[0.216s] Level 1:colcon.colcon_core.package_identification:_identify(/home/user1/ROS2_Workspace/ros2_ws/src/cone_stellation/src/cone_stellation) by extensions ['ignore', 'ignore_ament_install']
[0.216s] Level 1:colcon.colcon_core.package_identification:_identify(/home/user1/ROS2_Workspace/ros2_ws/src/cone_stellation/src/cone_stellation) by extension 'ignore'
[0.217s] Level 1:colcon.colcon_core.package_identification:_identify(/home/user1/ROS2_Workspace/ros2_ws/src/cone_stellation/src/cone_stellation) by extension 'ignore_ament_install'
[0.217s] Level 1:colcon.colcon_core.package_identification:_identify(/home/user1/ROS2_Workspace/ros2_ws/src/cone_stellation/src/cone_stellation) by extensions ['colcon_pkg']
[0.217s] Level 1:colcon.colcon_core.package_identification:_identify(/home/user1/ROS2_Workspace/ros2_ws/src/cone_stellation/src/cone_stellation) by extension 'colcon_pkg'
[0.217s] Level 1:colcon.colcon_core.package_identification:_identify(/home/user1/ROS2_Workspace/ros2_ws/src/cone_stellation/src/cone_stellation) by extensions ['colcon_meta']
[0.217s] Level 1:colcon.colcon_core.package_identification:_identify(/home/user1/ROS2_Workspace/ros2_ws/src/cone_stellation/src/cone_stellation) by extension 'colcon_meta'
[0.217s] Level 1:colcon.colcon_core.package_identification:_identify(/home/user1/ROS2_Workspace/ros2_ws/src/cone_stellation/src/cone_stellation) by extensions ['ros']
[0.217s] Level 1:colcon.colcon_core.package_identification:_identify(/home/user1/ROS2_Workspace/ros2_ws/src/cone_stellation/src/cone_stellation) by extension 'ros'
[0.235s] Level 1:colcon.colcon_core.package_identification:_identify(/home/user1/ROS2_Workspace/ros2_ws/src/cone_stellation/src/cone_stellation) by extensions ['cmake', 'python']
[0.235s] Level 1:colcon.colcon_core.package_identification:_identify(/home/user1/ROS2_Workspace/ros2_ws/src/cone_stellation/src/cone_stellation) by extension 'cmake'
[0.235s] Level 1:colcon.colcon_core.package_identification:_identify(/home/user1/ROS2_Workspace/ros2_ws/src/cone_stellation/src/cone_stellation) by extension 'python'
[0.235s] Level 1:colcon.colcon_core.package_identification:_identify(/home/user1/ROS2_Workspace/ros2_ws/src/cone_stellation/src/cone_stellation) by extensions ['python_setup_py']
[0.235s] Level 1:colcon.colcon_core.package_identification:_identify(/home/user1/ROS2_Workspace/ros2_ws/src/cone_stellation/src/cone_stellation) by extension 'python_setup_py'
[0.235s] Level 1:colcon.colcon_core.package_discovery:discover_packages(path) using defaults
[0.249s] INFO:colcon.colcon_core.executor:Executing jobs using 'parallel' executor
[0.250s] DEBUG:colcon.colcon_parallel_executor.executor.parallel:run_until_complete
[0.250s] DEBUG:colcon.colcon_parallel_executor.executor.parallel:closing loop
[0.250s] DEBUG:colcon.colcon_parallel_executor.executor.parallel:loop closed
[0.250s] DEBUG:colcon.colcon_parallel_executor.executor.parallel:run_until_complete finished with '0'
[0.250s] DEBUG:colcon.colcon_core.event_reactor:joining thread
[0.252s] INFO:colcon.colcon_core.plugin_system:Skipping extension 'colcon_notification.desktop_notification.notify2': 'notify2' not found
[0.252s] INFO:colcon.colcon_core.plugin_system:Skipping extension 'colcon_notification.desktop_notification.terminal_notifier': Not used on non-Darwin systems
[0.252s] INFO:colcon.colcon_core.plugin_system:Skipping extension 'colcon_notification.desktop_notification.win32': Not used on non-Windows systems
[0.252s] INFO:colcon.colcon_notification.desktop_notification:Sending desktop notification using 'notify_send'
[0.268s] DEBUG:colcon.colcon_core.event_reactor:joined thread
[0.270s] INFO:colcon.colcon_core.plugin_system:Skipping extension 'colcon_core.shell.bat': Not used on non-Windows systems
[0.270s] INFO:colcon.colcon_core.shell:Creating prefix script '/home/user1/ROS2_Workspace/ros2_ws/install/local_setup.ps1'
[0.271s] INFO:colcon.colcon_core.shell:Creating prefix util module '/home/user1/ROS2_Workspace/ros2_ws/install/_local_setup_util_ps1.py'
[0.272s] INFO:colcon.colcon_core.shell:Creating prefix chain script '/home/user1/ROS2_Workspace/ros2_ws/install/setup.ps1'
[0.273s] WARNING:colcon.colcon_ros.prefix_path.ament:The path '/home/user1/ROS2_Workspace/ros2_ws/install/cc_slam_graph' in the environment variable AMENT_PREFIX_PATH doesn't exist
[0.274s] INFO:colcon.colcon_core.shell:Creating prefix script '/home/user1/ROS2_Workspace/ros2_ws/install/local_setup.sh'
[0.275s] INFO:colcon.colcon_core.shell:Creating prefix util module '/home/user1/ROS2_Workspace/ros2_ws/install/_local_setup_util_sh.py'
[0.275s] INFO:colcon.colcon_core.shell:Creating prefix chain script '/home/user1/ROS2_Workspace/ros2_ws/install/setup.sh'
[0.276s] INFO:colcon.colcon_core.shell:Creating prefix script '/home/user1/ROS2_Workspace/ros2_ws/install/local_setup.bash'
[0.277s] INFO:colcon.colcon_core.shell:Creating prefix chain script '/home/user1/ROS2_Workspace/ros2_ws/install/setup.bash'
[0.278s] INFO:colcon.colcon_core.shell:Creating prefix script '/home/user1/ROS2_Workspace/ros2_ws/install/local_setup.zsh'
[0.279s] INFO:colcon.colcon_core.shell:Creating prefix chain script '/home/user1/ROS2_Workspace/ros2_ws/install/setup.zsh'
